[2024-12-11T11:35:24+08:00][sql] CONNECT:[ UseTime:0.000658s ] mysql:host=127.0.0.1;port=3306;dbname=zhibo;charset=utf8mb4
[2024-12-11T11:35:24+08:00][sql] SHOW FULL COLUMNS FROM `cmf_hook` [ RunTime:0.001609s ]
[2024-12-11T11:35:24+08:00][sql] SELECT `hook`,`id` FROM `cmf_hook` WHERE  (  (  `app` = '' OR `app` = 'cmf' )  AND `type` = 3 ) OR `type` = 1 [ RunTime:0.000684s ]
[2024-12-11T11:35:24+08:00][sql] SHOW FULL COLUMNS FROM `cmf_hook_plugin` [ RunTime:0.001331s ]
[2024-12-11T11:35:24+08:00][sql] SELECT `hook`,`plugin` FROM `cmf_hook_plugin` WHERE  `status` = 1  AND `hook` IN ('app_begin','module_init','action_begin','view_filter','app_end','log_write','response_end','admin_init','home_init','send_mobile_verification_code','body_start','before_head_end','footer_start','before_footer','before_footer_end','before_body_end','left_sidebar_start','before_left_sidebar_end','right_sidebar_start','before_right_sidebar_end','comment','guestbook','switch_theme','after_content','before_content','log_write_done','switch_admin_theme','captcha_image') ORDER BY `list_order` ASC [ RunTime:0.000728s ]
[2024-12-11T11:35:24+08:00][sql] SHOW FULL COLUMNS FROM `cmf_plugin` [ RunTime:0.001855s ]
[2024-12-11T11:35:24+08:00][sql] SELECT `config` FROM `cmf_plugin` WHERE  `name` = 'Qiniu' LIMIT 1 [ RunTime:0.000520s ]
[2024-12-11T11:35:24+08:00][sql] SHOW FULL COLUMNS FROM `cmf_live` [ RunTime:0.001556s ]
[2024-12-11T11:35:24+08:00][sql] SELECT * FROM `cmf_live` WHERE  `islive` = 1  AND `isvideo` = 0  AND `isoff` = 1  AND `offtime` < 1733888094 [ RunTime:0.000759s ]
[2024-12-11T11:35:24+08:00][sql] CONNECT:[ UseTime:0.000600s ] mysql:host=127.0.0.1;port=3306;dbname=zhibo;charset=utf8mb4
[2024-12-11T11:35:24+08:00][sql] SHOW FULL COLUMNS FROM `cmf_hook` [ RunTime:0.001612s ]
[2024-12-11T11:35:24+08:00][sql] SELECT `hook`,`id` FROM `cmf_hook` WHERE  (  (  `app` = '' OR `app` = 'cmf' )  AND `type` = 3 ) OR `type` = 1 [ RunTime:0.000667s ]
[2024-12-11T11:35:24+08:00][sql] SHOW FULL COLUMNS FROM `cmf_hook_plugin` [ RunTime:0.001279s ]
[2024-12-11T11:35:24+08:00][sql] SELECT `hook`,`plugin` FROM `cmf_hook_plugin` WHERE  `status` = 1  AND `hook` IN ('app_begin','module_init','action_begin','view_filter','app_end','log_write','response_end','admin_init','home_init','send_mobile_verification_code','body_start','before_head_end','footer_start','before_footer','before_footer_end','before_body_end','left_sidebar_start','before_left_sidebar_end','right_sidebar_start','before_right_sidebar_end','comment','guestbook','switch_theme','after_content','before_content','log_write_done','switch_admin_theme','captcha_image') ORDER BY `list_order` ASC [ RunTime:0.000687s ]
[2024-12-11T11:35:24+08:00][sql] SHOW FULL COLUMNS FROM `cmf_plugin` [ RunTime:0.001804s ]
[2024-12-11T11:35:24+08:00][sql] SELECT `config` FROM `cmf_plugin` WHERE  `name` = 'Qiniu' LIMIT 1 [ RunTime:0.000552s ]
[2024-12-11T11:35:24+08:00][sql] SHOW FULL COLUMNS FROM `cmf_live` [ RunTime:0.001868s ]
[2024-12-11T11:35:24+08:00][sql] SELECT * FROM `cmf_live` WHERE  `islive` = 1  AND `isvideo` = 0  AND `isoff` = 1  AND `offtime` < 1733888094 [ RunTime:0.000899s ]
[2024-12-11T11:35:29+08:00][sql] CONNECT:[ UseTime:0.000628s ] mysql:host=127.0.0.1;port=3306;dbname=zhibo;charset=utf8mb4
[2024-12-11T11:35:29+08:00][sql] SHOW FULL COLUMNS FROM `cmf_hook` [ RunTime:0.001569s ]
[2024-12-11T11:35:29+08:00][sql] SELECT `hook`,`id` FROM `cmf_hook` WHERE  (  (  `app` = '' OR `app` = 'cmf' )  AND `type` = 3 ) OR `type` = 1 [ RunTime:0.000706s ]
[2024-12-11T11:35:29+08:00][sql] SHOW FULL COLUMNS FROM `cmf_hook_plugin` [ RunTime:0.001338s ]
[2024-12-11T11:35:29+08:00][sql] SELECT `hook`,`plugin` FROM `cmf_hook_plugin` WHERE  `status` = 1  AND `hook` IN ('app_begin','module_init','action_begin','view_filter','app_end','log_write','response_end','admin_init','home_init','send_mobile_verification_code','body_start','before_head_end','footer_start','before_footer','before_footer_end','before_body_end','left_sidebar_start','before_left_sidebar_end','right_sidebar_start','before_right_sidebar_end','comment','guestbook','switch_theme','after_content','before_content','log_write_done','switch_admin_theme','captcha_image') ORDER BY `list_order` ASC [ RunTime:0.000720s ]
[2024-12-11T11:35:29+08:00][sql] SHOW FULL COLUMNS FROM `cmf_plugin` [ RunTime:0.001751s ]
[2024-12-11T11:35:29+08:00][sql] SELECT `config` FROM `cmf_plugin` WHERE  `name` = 'Qiniu' LIMIT 1 [ RunTime:0.000497s ]
[2024-12-11T11:35:29+08:00][sql] SHOW FULL COLUMNS FROM `cmf_live` [ RunTime:0.001899s ]
[2024-12-11T11:35:29+08:00][sql] SELECT * FROM `cmf_live` WHERE  `islive` = 1  AND `isvideo` = 0  AND `isoff` = 1  AND `offtime` < 1733888099 [ RunTime:0.000917s ]
[2024-12-11T11:35:29+08:00][sql] CONNECT:[ UseTime:0.000526s ] mysql:host=127.0.0.1;port=3306;dbname=zhibo;charset=utf8mb4
[2024-12-11T11:35:29+08:00][sql] SHOW FULL COLUMNS FROM `cmf_hook` [ RunTime:0.001493s ]
[2024-12-11T11:35:29+08:00][sql] SELECT `hook`,`id` FROM `cmf_hook` WHERE  (  (  `app` = '' OR `app` = 'cmf' )  AND `type` = 3 ) OR `type` = 1 [ RunTime:0.000651s ]
[2024-12-11T11:35:29+08:00][sql] SHOW FULL COLUMNS FROM `cmf_hook_plugin` [ RunTime:0.001322s ]
[2024-12-11T11:35:29+08:00][sql] SELECT `hook`,`plugin` FROM `cmf_hook_plugin` WHERE  `status` = 1  AND `hook` IN ('app_begin','module_init','action_begin','view_filter','app_end','log_write','response_end','admin_init','home_init','send_mobile_verification_code','body_start','before_head_end','footer_start','before_footer','before_footer_end','before_body_end','left_sidebar_start','before_left_sidebar_end','right_sidebar_start','before_right_sidebar_end','comment','guestbook','switch_theme','after_content','before_content','log_write_done','switch_admin_theme','captcha_image') ORDER BY `list_order` ASC [ RunTime:0.000723s ]
[2024-12-11T11:35:29+08:00][sql] SHOW FULL COLUMNS FROM `cmf_plugin` [ RunTime:0.001763s ]
[2024-12-11T11:35:29+08:00][sql] SELECT `config` FROM `cmf_plugin` WHERE  `name` = 'Qiniu' LIMIT 1 [ RunTime:0.000480s ]
[2024-12-11T11:35:29+08:00][sql] SHOW FULL COLUMNS FROM `cmf_live` [ RunTime:0.001811s ]
[2024-12-11T11:35:29+08:00][sql] SELECT * FROM `cmf_live` WHERE  `islive` = 1  AND `isvideo` = 0  AND `isoff` = 1  AND `offtime` < 1733888099 [ RunTime:0.000883s ]
[2024-12-11T11:35:34+08:00][sql] CONNECT:[ UseTime:0.000643s ] mysql:host=127.0.0.1;port=3306;dbname=zhibo;charset=utf8mb4
[2024-12-11T11:35:34+08:00][sql] SHOW FULL COLUMNS FROM `cmf_hook` [ RunTime:0.001544s ]
[2024-12-11T11:35:34+08:00][sql] SELECT `hook`,`id` FROM `cmf_hook` WHERE  (  (  `app` = '' OR `app` = 'cmf' )  AND `type` = 3 ) OR `type` = 1 [ RunTime:0.000669s ]
[2024-12-11T11:35:34+08:00][sql] SHOW FULL COLUMNS FROM `cmf_hook_plugin` [ RunTime:0.001279s ]
[2024-12-11T11:35:34+08:00][sql] SELECT `hook`,`plugin` FROM `cmf_hook_plugin` WHERE  `status` = 1  AND `hook` IN ('app_begin','module_init','action_begin','view_filter','app_end','log_write','response_end','admin_init','home_init','send_mobile_verification_code','body_start','before_head_end','footer_start','before_footer','before_footer_end','before_body_end','left_sidebar_start','before_left_sidebar_end','right_sidebar_start','before_right_sidebar_end','comment','guestbook','switch_theme','after_content','before_content','log_write_done','switch_admin_theme','captcha_image') ORDER BY `list_order` ASC [ RunTime:0.000725s ]
[2024-12-11T11:35:34+08:00][sql] SHOW FULL COLUMNS FROM `cmf_plugin` [ RunTime:0.001803s ]
[2024-12-11T11:35:34+08:00][sql] SELECT `config` FROM `cmf_plugin` WHERE  `name` = 'Qiniu' LIMIT 1 [ RunTime:0.000517s ]
[2024-12-11T11:35:34+08:00][sql] SHOW FULL COLUMNS FROM `cmf_live` [ RunTime:0.001799s ]
[2024-12-11T11:35:34+08:00][sql] SELECT * FROM `cmf_live` WHERE  `islive` = 1  AND `isvideo` = 0  AND `isoff` = 1  AND `offtime` < 1733888104 [ RunTime:0.000836s ]
[2024-12-11T11:35:34+08:00][sql] CONNECT:[ UseTime:0.000566s ] mysql:host=127.0.0.1;port=3306;dbname=zhibo;charset=utf8mb4
[2024-12-11T11:35:34+08:00][sql] SHOW FULL COLUMNS FROM `cmf_hook` [ RunTime:0.001242s ]
[2024-12-11T11:35:34+08:00][sql] SELECT `hook`,`id` FROM `cmf_hook` WHERE  (  (  `app` = '' OR `app` = 'cmf' )  AND `type` = 3 ) OR `type` = 1 [ RunTime:0.000601s ]
[2024-12-11T11:35:34+08:00][sql] SHOW FULL COLUMNS FROM `cmf_hook_plugin` [ RunTime:0.001246s ]
[2024-12-11T11:35:34+08:00][sql] SELECT `hook`,`plugin` FROM `cmf_hook_plugin` WHERE  `status` = 1  AND `hook` IN ('app_begin','module_init','action_begin','view_filter','app_end','log_write','response_end','admin_init','home_init','send_mobile_verification_code','body_start','before_head_end','footer_start','before_footer','before_footer_end','before_body_end','left_sidebar_start','before_left_sidebar_end','right_sidebar_start','before_right_sidebar_end','comment','guestbook','switch_theme','after_content','before_content','log_write_done','switch_admin_theme','captcha_image') ORDER BY `list_order` ASC [ RunTime:0.000674s ]
[2024-12-11T11:35:34+08:00][sql] SHOW FULL COLUMNS FROM `cmf_plugin` [ RunTime:0.001686s ]
[2024-12-11T11:35:34+08:00][sql] SELECT `config` FROM `cmf_plugin` WHERE  `name` = 'Qiniu' LIMIT 1 [ RunTime:0.000496s ]
[2024-12-11T11:35:34+08:00][sql] SHOW FULL COLUMNS FROM `cmf_live` [ RunTime:0.001887s ]
[2024-12-11T11:35:34+08:00][sql] SELECT * FROM `cmf_live` WHERE  `islive` = 1  AND `isvideo` = 0  AND `isoff` = 1  AND `offtime` < 1733888104 [ RunTime:0.000876s ]
[2024-12-11T11:35:39+08:00][sql] CONNECT:[ UseTime:0.000616s ] mysql:host=127.0.0.1;port=3306;dbname=zhibo;charset=utf8mb4
[2024-12-11T11:35:39+08:00][sql] SHOW FULL COLUMNS FROM `cmf_hook` [ RunTime:0.001613s ]
[2024-12-11T11:35:39+08:00][sql] SELECT `hook`,`id` FROM `cmf_hook` WHERE  (  (  `app` = '' OR `app` = 'cmf' )  AND `type` = 3 ) OR `type` = 1 [ RunTime:0.000666s ]
[2024-12-11T11:35:39+08:00][sql] SHOW FULL COLUMNS FROM `cmf_hook_plugin` [ RunTime:0.001288s ]
[2024-12-11T11:35:39+08:00][sql] SELECT `hook`,`plugin` FROM `cmf_hook_plugin` WHERE  `status` = 1  AND `hook` IN ('app_begin','module_init','action_begin','view_filter','app_end','log_write','response_end','admin_init','home_init','send_mobile_verification_code','body_start','before_head_end','footer_start','before_footer','before_footer_end','before_body_end','left_sidebar_start','before_left_sidebar_end','right_sidebar_start','before_right_sidebar_end','comment','guestbook','switch_theme','after_content','before_content','log_write_done','switch_admin_theme','captcha_image') ORDER BY `list_order` ASC [ RunTime:0.000712s ]
[2024-12-11T11:35:39+08:00][sql] SHOW FULL COLUMNS FROM `cmf_plugin` [ RunTime:0.001765s ]
[2024-12-11T11:35:39+08:00][sql] SELECT `config` FROM `cmf_plugin` WHERE  `name` = 'Qiniu' LIMIT 1 [ RunTime:0.000494s ]
[2024-12-11T11:35:39+08:00][sql] SHOW FULL COLUMNS FROM `cmf_live` [ RunTime:0.001585s ]
[2024-12-11T11:35:39+08:00][sql] SELECT * FROM `cmf_live` WHERE  `islive` = 1  AND `isvideo` = 0  AND `isoff` = 1  AND `offtime` < 1733888109 [ RunTime:0.000743s ]
[2024-12-11T11:35:39+08:00][sql] CONNECT:[ UseTime:0.000528s ] mysql:host=127.0.0.1;port=3306;dbname=zhibo;charset=utf8mb4
[2024-12-11T11:35:39+08:00][sql] SHOW FULL COLUMNS FROM `cmf_hook` [ RunTime:0.001457s ]
[2024-12-11T11:35:39+08:00][sql] SELECT `hook`,`id` FROM `cmf_hook` WHERE  (  (  `app` = '' OR `app` = 'cmf' )  AND `type` = 3 ) OR `type` = 1 [ RunTime:0.000651s ]
[2024-12-11T11:35:39+08:00][sql] SHOW FULL COLUMNS FROM `cmf_hook_plugin` [ RunTime:0.001383s ]
[2024-12-11T11:35:39+08:00][sql] SELECT `hook`,`plugin` FROM `cmf_hook_plugin` WHERE  `status` = 1  AND `hook` IN ('app_begin','module_init','action_begin','view_filter','app_end','log_write','response_end','admin_init','home_init','send_mobile_verification_code','body_start','before_head_end','footer_start','before_footer','before_footer_end','before_body_end','left_sidebar_start','before_left_sidebar_end','right_sidebar_start','before_right_sidebar_end','comment','guestbook','switch_theme','after_content','before_content','log_write_done','switch_admin_theme','captcha_image') ORDER BY `list_order` ASC [ RunTime:0.000646s ]
[2024-12-11T11:35:39+08:00][sql] SHOW FULL COLUMNS FROM `cmf_plugin` [ RunTime:0.001769s ]
[2024-12-11T11:35:39+08:00][sql] SELECT `config` FROM `cmf_plugin` WHERE  `name` = 'Qiniu' LIMIT 1 [ RunTime:0.000495s ]
[2024-12-11T11:35:39+08:00][sql] SHOW FULL COLUMNS FROM `cmf_live` [ RunTime:0.001832s ]
[2024-12-11T11:35:39+08:00][sql] SELECT * FROM `cmf_live` WHERE  `islive` = 1  AND `isvideo` = 0  AND `isoff` = 1  AND `offtime` < 1733888109 [ RunTime:0.000876s ]
[2024-12-11T11:35:44+08:00][sql] CONNECT:[ UseTime:0.000630s ] mysql:host=127.0.0.1;port=3306;dbname=zhibo;charset=utf8mb4
[2024-12-11T11:35:44+08:00][sql] SHOW FULL COLUMNS FROM `cmf_hook` [ RunTime:0.001807s ]
[2024-12-11T11:35:44+08:00][sql] SELECT `hook`,`id` FROM `cmf_hook` WHERE  (  (  `app` = '' OR `app` = 'cmf' )  AND `type` = 3 ) OR `type` = 1 [ RunTime:0.000622s ]
[2024-12-11T11:35:44+08:00][sql] SHOW FULL COLUMNS FROM `cmf_hook_plugin` [ RunTime:0.001521s ]
[2024-12-11T11:35:44+08:00][sql] SELECT `hook`,`plugin` FROM `cmf_hook_plugin` WHERE  `status` = 1  AND `hook` IN ('app_begin','module_init','action_begin','view_filter','app_end','log_write','response_end','admin_init','home_init','send_mobile_verification_code','body_start','before_head_end','footer_start','before_footer','before_footer_end','before_body_end','left_sidebar_start','before_left_sidebar_end','right_sidebar_start','before_right_sidebar_end','comment','guestbook','switch_theme','after_content','before_content','log_write_done','switch_admin_theme','captcha_image') ORDER BY `list_order` ASC [ RunTime:0.000691s ]
[2024-12-11T11:35:44+08:00][sql] SHOW FULL COLUMNS FROM `cmf_plugin` [ RunTime:0.001985s ]
[2024-12-11T11:35:44+08:00][sql] SELECT `config` FROM `cmf_plugin` WHERE  `name` = 'Qiniu' LIMIT 1 [ RunTime:0.000444s ]
[2024-12-11T11:35:44+08:00][sql] SHOW FULL COLUMNS FROM `cmf_live` [ RunTime:0.002067s ]
[2024-12-11T11:35:44+08:00][sql] SELECT * FROM `cmf_live` WHERE  `islive` = 1  AND `isvideo` = 0  AND `isoff` = 1  AND `offtime` < 1733888114 [ RunTime:0.000852s ]
[2024-12-11T11:35:44+08:00][sql] CONNECT:[ UseTime:0.000583s ] mysql:host=127.0.0.1;port=3306;dbname=zhibo;charset=utf8mb4
[2024-12-11T11:35:44+08:00][sql] SHOW FULL COLUMNS FROM `cmf_hook` [ RunTime:0.001806s ]
[2024-12-11T11:35:44+08:00][sql] SELECT `hook`,`id` FROM `cmf_hook` WHERE  (  (  `app` = '' OR `app` = 'cmf' )  AND `type` = 3 ) OR `type` = 1 [ RunTime:0.000511s ]
[2024-12-11T11:35:44+08:00][sql] SHOW FULL COLUMNS FROM `cmf_hook_plugin` [ RunTime:0.001416s ]
[2024-12-11T11:35:44+08:00][sql] SELECT `hook`,`plugin` FROM `cmf_hook_plugin` WHERE  `status` = 1  AND `hook` IN ('app_begin','module_init','action_begin','view_filter','app_end','log_write','response_end','admin_init','home_init','send_mobile_verification_code','body_start','before_head_end','footer_start','before_footer','before_footer_end','before_body_end','left_sidebar_start','before_left_sidebar_end','right_sidebar_start','before_right_sidebar_end','comment','guestbook','switch_theme','after_content','before_content','log_write_done','switch_admin_theme','captcha_image') ORDER BY `list_order` ASC [ RunTime:0.000658s ]
[2024-12-11T11:35:44+08:00][sql] SHOW FULL COLUMNS FROM `cmf_plugin` [ RunTime:0.001928s ]
[2024-12-11T11:35:44+08:00][sql] SELECT `config` FROM `cmf_plugin` WHERE  `name` = 'Qiniu' LIMIT 1 [ RunTime:0.000458s ]
[2024-12-11T11:35:44+08:00][sql] SHOW FULL COLUMNS FROM `cmf_live` [ RunTime:0.002059s ]
[2024-12-11T11:35:44+08:00][sql] SELECT * FROM `cmf_live` WHERE  `islive` = 1  AND `isvideo` = 0  AND `isoff` = 1  AND `offtime` < 1733888114 [ RunTime:0.000824s ]
[2024-12-11T11:35:49+08:00][sql] CONNECT:[ UseTime:0.000625s ] mysql:host=127.0.0.1;port=3306;dbname=zhibo;charset=utf8mb4
[2024-12-11T11:35:49+08:00][sql] SHOW FULL COLUMNS FROM `cmf_hook` [ RunTime:0.001806s ]
[2024-12-11T11:35:49+08:00][sql] SELECT `hook`,`id` FROM `cmf_hook` WHERE  (  (  `app` = '' OR `app` = 'cmf' )  AND `type` = 3 ) OR `type` = 1 [ RunTime:0.000625s ]
[2024-12-11T11:35:49+08:00][sql] SHOW FULL COLUMNS FROM `cmf_hook_plugin` [ RunTime:0.001509s ]
[2024-12-11T11:35:49+08:00][sql] SELECT `hook`,`plugin` FROM `cmf_hook_plugin` WHERE  `status` = 1  AND `hook` IN ('app_begin','module_init','action_begin','view_filter','app_end','log_write','response_end','admin_init','home_init','send_mobile_verification_code','body_start','before_head_end','footer_start','before_footer','before_footer_end','before_body_end','left_sidebar_start','before_left_sidebar_end','right_sidebar_start','before_right_sidebar_end','comment','guestbook','switch_theme','after_content','before_content','log_write_done','switch_admin_theme','captcha_image') ORDER BY `list_order` ASC [ RunTime:0.000695s ]
[2024-12-11T11:35:49+08:00][sql] SHOW FULL COLUMNS FROM `cmf_plugin` [ RunTime:0.001773s ]
[2024-12-11T11:35:49+08:00][sql] SELECT `config` FROM `cmf_plugin` WHERE  `name` = 'Qiniu' LIMIT 1 [ RunTime:0.000424s ]
[2024-12-11T11:35:49+08:00][sql] SHOW FULL COLUMNS FROM `cmf_live` [ RunTime:0.001817s ]
[2024-12-11T11:35:49+08:00][sql] SELECT * FROM `cmf_live` WHERE  `islive` = 1  AND `isvideo` = 0  AND `isoff` = 1  AND `offtime` < 1733888119 [ RunTime:0.000864s ]
[2024-12-11T11:35:49+08:00][sql] CONNECT:[ UseTime:0.000478s ] mysql:host=127.0.0.1;port=3306;dbname=zhibo;charset=utf8mb4
[2024-12-11T11:35:49+08:00][sql] SHOW FULL COLUMNS FROM `cmf_hook` [ RunTime:0.001785s ]
[2024-12-11T11:35:49+08:00][sql] SELECT `hook`,`id` FROM `cmf_hook` WHERE  (  (  `app` = '' OR `app` = 'cmf' )  AND `type` = 3 ) OR `type` = 1 [ RunTime:0.000653s ]
[2024-12-11T11:35:49+08:00][sql] SHOW FULL COLUMNS FROM `cmf_hook_plugin` [ RunTime:0.001252s ]
[2024-12-11T11:35:49+08:00][sql] SELECT `hook`,`plugin` FROM `cmf_hook_plugin` WHERE  `status` = 1  AND `hook` IN ('app_begin','module_init','action_begin','view_filter','app_end','log_write','response_end','admin_init','home_init','send_mobile_verification_code','body_start','before_head_end','footer_start','before_footer','before_footer_end','before_body_end','left_sidebar_start','before_left_sidebar_end','right_sidebar_start','before_right_sidebar_end','comment','guestbook','switch_theme','after_content','before_content','log_write_done','switch_admin_theme','captcha_image') ORDER BY `list_order` ASC [ RunTime:0.000641s ]
[2024-12-11T11:35:49+08:00][sql] SHOW FULL COLUMNS FROM `cmf_plugin` [ RunTime:0.001790s ]
[2024-12-11T11:35:49+08:00][sql] SELECT `config` FROM `cmf_plugin` WHERE  `name` = 'Qiniu' LIMIT 1 [ RunTime:0.000511s ]
[2024-12-11T11:35:49+08:00][sql] SHOW FULL COLUMNS FROM `cmf_live` [ RunTime:0.001852s ]
[2024-12-11T11:35:49+08:00][sql] SELECT * FROM `cmf_live` WHERE  `islive` = 1  AND `isvideo` = 0  AND `isoff` = 1  AND `offtime` < 1733888119 [ RunTime:0.000911s ]
[2024-12-11T11:35:54+08:00][sql] CONNECT:[ UseTime:0.000658s ] mysql:host=127.0.0.1;port=3306;dbname=zhibo;charset=utf8mb4
[2024-12-11T11:35:54+08:00][sql] SHOW FULL COLUMNS FROM `cmf_hook` [ RunTime:0.001542s ]
[2024-12-11T11:35:54+08:00][sql] SELECT `hook`,`id` FROM `cmf_hook` WHERE  (  (  `app` = '' OR `app` = 'cmf' )  AND `type` = 3 ) OR `type` = 1 [ RunTime:0.000661s ]
[2024-12-11T11:35:54+08:00][sql] SHOW FULL COLUMNS FROM `cmf_hook_plugin` [ RunTime:0.001271s ]
[2024-12-11T11:35:54+08:00][sql] SELECT `hook`,`plugin` FROM `cmf_hook_plugin` WHERE  `status` = 1  AND `hook` IN ('app_begin','module_init','action_begin','view_filter','app_end','log_write','response_end','admin_init','home_init','send_mobile_verification_code','body_start','before_head_end','footer_start','before_footer','before_footer_end','before_body_end','left_sidebar_start','before_left_sidebar_end','right_sidebar_start','before_right_sidebar_end','comment','guestbook','switch_theme','after_content','before_content','log_write_done','switch_admin_theme','captcha_image') ORDER BY `list_order` ASC [ RunTime:0.000736s ]
[2024-12-11T11:35:54+08:00][sql] SHOW FULL COLUMNS FROM `cmf_plugin` [ RunTime:0.001309s ]
[2024-12-11T11:35:54+08:00][sql] SELECT `config` FROM `cmf_plugin` WHERE  `name` = 'Qiniu' LIMIT 1 [ RunTime:0.000435s ]
[2024-12-11T11:35:54+08:00][sql] SHOW FULL COLUMNS FROM `cmf_live` [ RunTime:0.001789s ]
[2024-12-11T11:35:54+08:00][sql] SELECT * FROM `cmf_live` WHERE  `islive` = 1  AND `isvideo` = 0  AND `isoff` = 1  AND `offtime` < 1733888124 [ RunTime:0.000862s ]
[2024-12-11T11:35:54+08:00][sql] CONNECT:[ UseTime:0.000631s ] mysql:host=127.0.0.1;port=3306;dbname=zhibo;charset=utf8mb4
[2024-12-11T11:35:54+08:00][sql] SHOW FULL COLUMNS FROM `cmf_hook` [ RunTime:0.001533s ]
[2024-12-11T11:35:54+08:00][sql] SELECT `hook`,`id` FROM `cmf_hook` WHERE  (  (  `app` = '' OR `app` = 'cmf' )  AND `type` = 3 ) OR `type` = 1 [ RunTime:0.000661s ]
[2024-12-11T11:35:54+08:00][sql] SHOW FULL COLUMNS FROM `cmf_hook_plugin` [ RunTime:0.001310s ]
[2024-12-11T11:35:54+08:00][sql] SELECT `hook`,`plugin` FROM `cmf_hook_plugin` WHERE  `status` = 1  AND `hook` IN ('app_begin','module_init','action_begin','view_filter','app_end','log_write','response_end','admin_init','home_init','send_mobile_verification_code','body_start','before_head_end','footer_start','before_footer','before_footer_end','before_body_end','left_sidebar_start','before_left_sidebar_end','right_sidebar_start','before_right_sidebar_end','comment','guestbook','switch_theme','after_content','before_content','log_write_done','switch_admin_theme','captcha_image') ORDER BY `list_order` ASC [ RunTime:0.000708s ]
[2024-12-11T11:35:54+08:00][sql] SHOW FULL COLUMNS FROM `cmf_plugin` [ RunTime:0.001798s ]
[2024-12-11T11:35:54+08:00][sql] SELECT `config` FROM `cmf_plugin` WHERE  `name` = 'Qiniu' LIMIT 1 [ RunTime:0.000496s ]
[2024-12-11T11:35:54+08:00][sql] SHOW FULL COLUMNS FROM `cmf_live` [ RunTime:0.001844s ]
[2024-12-11T11:35:54+08:00][sql] SELECT * FROM `cmf_live` WHERE  `islive` = 1  AND `isvideo` = 0  AND `isoff` = 1  AND `offtime` < 1733888124 [ RunTime:0.000875s ]
[2024-12-11T11:35:59+08:00][sql] CONNECT:[ UseTime:0.000654s ] mysql:host=127.0.0.1;port=3306;dbname=zhibo;charset=utf8mb4
[2024-12-11T11:35:59+08:00][sql] SHOW FULL COLUMNS FROM `cmf_hook` [ RunTime:0.001549s ]
[2024-12-11T11:35:59+08:00][sql] SELECT `hook`,`id` FROM `cmf_hook` WHERE  (  (  `app` = '' OR `app` = 'cmf' )  AND `type` = 3 ) OR `type` = 1 [ RunTime:0.000715s ]
[2024-12-11T11:35:59+08:00][sql] SHOW FULL COLUMNS FROM `cmf_hook_plugin` [ RunTime:0.001314s ]
[2024-12-11T11:35:59+08:00][sql] SELECT `hook`,`plugin` FROM `cmf_hook_plugin` WHERE  `status` = 1  AND `hook` IN ('app_begin','module_init','action_begin','view_filter','app_end','log_write','response_end','admin_init','home_init','send_mobile_verification_code','body_start','before_head_end','footer_start','before_footer','before_footer_end','before_body_end','left_sidebar_start','before_left_sidebar_end','right_sidebar_start','before_right_sidebar_end','comment','guestbook','switch_theme','after_content','before_content','log_write_done','switch_admin_theme','captcha_image') ORDER BY `list_order` ASC [ RunTime:0.000744s ]
[2024-12-11T11:35:59+08:00][sql] SHOW FULL COLUMNS FROM `cmf_plugin` [ RunTime:0.001410s ]
[2024-12-11T11:35:59+08:00][sql] SELECT `config` FROM `cmf_plugin` WHERE  `name` = 'Qiniu' LIMIT 1 [ RunTime:0.000455s ]
[2024-12-11T11:35:59+08:00][sql] SHOW FULL COLUMNS FROM `cmf_live` [ RunTime:0.001824s ]
[2024-12-11T11:35:59+08:00][sql] SELECT * FROM `cmf_live` WHERE  `islive` = 1  AND `isvideo` = 0  AND `isoff` = 1  AND `offtime` < 1733888129 [ RunTime:0.000915s ]
[2024-12-11T11:35:59+08:00][sql] CONNECT:[ UseTime:0.000536s ] mysql:host=127.0.0.1;port=3306;dbname=zhibo;charset=utf8mb4
[2024-12-11T11:35:59+08:00][sql] SHOW FULL COLUMNS FROM `cmf_hook` [ RunTime:0.001560s ]
[2024-12-11T11:35:59+08:00][sql] SELECT `hook`,`id` FROM `cmf_hook` WHERE  (  (  `app` = '' OR `app` = 'cmf' )  AND `type` = 3 ) OR `type` = 1 [ RunTime:0.000723s ]
[2024-12-11T11:35:59+08:00][sql] SHOW FULL COLUMNS FROM `cmf_hook_plugin` [ RunTime:0.001198s ]
[2024-12-11T11:35:59+08:00][sql] SELECT `hook`,`plugin` FROM `cmf_hook_plugin` WHERE  `status` = 1  AND `hook` IN ('app_begin','module_init','action_begin','view_filter','app_end','log_write','response_end','admin_init','home_init','send_mobile_verification_code','body_start','before_head_end','footer_start','before_footer','before_footer_end','before_body_end','left_sidebar_start','before_left_sidebar_end','right_sidebar_start','before_right_sidebar_end','comment','guestbook','switch_theme','after_content','before_content','log_write_done','switch_admin_theme','captcha_image') ORDER BY `list_order` ASC [ RunTime:0.000661s ]
[2024-12-11T11:35:59+08:00][sql] SHOW FULL COLUMNS FROM `cmf_plugin` [ RunTime:0.001691s ]
[2024-12-11T11:35:59+08:00][sql] SELECT `config` FROM `cmf_plugin` WHERE  `name` = 'Qiniu' LIMIT 1 [ RunTime:0.000516s ]
[2024-12-11T11:35:59+08:00][sql] SHOW FULL COLUMNS FROM `cmf_live` [ RunTime:0.001817s ]
[2024-12-11T11:35:59+08:00][sql] SELECT * FROM `cmf_live` WHERE  `islive` = 1  AND `isvideo` = 0  AND `isoff` = 1  AND `offtime` < 1733888129 [ RunTime:0.000881s ]
[2024-12-11T11:36:04+08:00][sql] CONNECT:[ UseTime:0.000631s ] mysql:host=127.0.0.1;port=3306;dbname=zhibo;charset=utf8mb4
[2024-12-11T11:36:04+08:00][sql] SHOW FULL COLUMNS FROM `cmf_hook` [ RunTime:0.001828s ]
[2024-12-11T11:36:04+08:00][sql] SELECT `hook`,`id` FROM `cmf_hook` WHERE  (  (  `app` = '' OR `app` = 'cmf' )  AND `type` = 3 ) OR `type` = 1 [ RunTime:0.000665s ]
[2024-12-11T11:36:04+08:00][sql] SHOW FULL COLUMNS FROM `cmf_hook_plugin` [ RunTime:0.001553s ]
[2024-12-11T11:36:04+08:00][sql] SELECT `hook`,`plugin` FROM `cmf_hook_plugin` WHERE  `status` = 1  AND `hook` IN ('app_begin','module_init','action_begin','view_filter','app_end','log_write','response_end','admin_init','home_init','send_mobile_verification_code','body_start','before_head_end','footer_start','before_footer','before_footer_end','before_body_end','left_sidebar_start','before_left_sidebar_end','right_sidebar_start','before_right_sidebar_end','comment','guestbook','switch_theme','after_content','before_content','log_write_done','switch_admin_theme','captcha_image') ORDER BY `list_order` ASC [ RunTime:0.000720s ]
[2024-12-11T11:36:04+08:00][sql] SHOW FULL COLUMNS FROM `cmf_plugin` [ RunTime:0.002243s ]
[2024-12-11T11:36:04+08:00][sql] SELECT `config` FROM `cmf_plugin` WHERE  `name` = 'Qiniu' LIMIT 1 [ RunTime:0.000445s ]
[2024-12-11T11:36:04+08:00][sql] SHOW FULL COLUMNS FROM `cmf_live` [ RunTime:0.002176s ]
[2024-12-11T11:36:04+08:00][sql] SELECT * FROM `cmf_live` WHERE  `islive` = 1  AND `isvideo` = 0  AND `isoff` = 1  AND `offtime` < 1733888134 [ RunTime:0.000982s ]
[2024-12-11T11:36:04+08:00][sql] CONNECT:[ UseTime:0.000565s ] mysql:host=127.0.0.1;port=3306;dbname=zhibo;charset=utf8mb4
[2024-12-11T11:36:04+08:00][sql] SHOW FULL COLUMNS FROM `cmf_hook` [ RunTime:0.001839s ]
[2024-12-11T11:36:04+08:00][sql] SELECT `hook`,`id` FROM `cmf_hook` WHERE  (  (  `app` = '' OR `app` = 'cmf' )  AND `type` = 3 ) OR `type` = 1 [ RunTime:0.000624s ]
[2024-12-11T11:36:04+08:00][sql] SHOW FULL COLUMNS FROM `cmf_hook_plugin` [ RunTime:0.001401s ]
[2024-12-11T11:36:04+08:00][sql] SELECT `hook`,`plugin` FROM `cmf_hook_plugin` WHERE  `status` = 1  AND `hook` IN ('app_begin','module_init','action_begin','view_filter','app_end','log_write','response_end','admin_init','home_init','send_mobile_verification_code','body_start','before_head_end','footer_start','before_footer','before_footer_end','before_body_end','left_sidebar_start','before_left_sidebar_end','right_sidebar_start','before_right_sidebar_end','comment','guestbook','switch_theme','after_content','before_content','log_write_done','switch_admin_theme','captcha_image') ORDER BY `list_order` ASC [ RunTime:0.000681s ]
[2024-12-11T11:36:04+08:00][sql] SHOW FULL COLUMNS FROM `cmf_plugin` [ RunTime:0.001950s ]
[2024-12-11T11:36:04+08:00][sql] SELECT `config` FROM `cmf_plugin` WHERE  `name` = 'Qiniu' LIMIT 1 [ RunTime:0.000519s ]
[2024-12-11T11:36:04+08:00][sql] SHOW FULL COLUMNS FROM `cmf_live` [ RunTime:0.002068s ]
[2024-12-11T11:36:04+08:00][sql] SELECT * FROM `cmf_live` WHERE  `islive` = 1  AND `isvideo` = 0  AND `isoff` = 1  AND `offtime` < 1733888134 [ RunTime:0.000905s ]
[2024-12-11T11:36:09+08:00][sql] CONNECT:[ UseTime:0.000712s ] mysql:host=127.0.0.1;port=3306;dbname=zhibo;charset=utf8mb4
[2024-12-11T11:36:09+08:00][sql] SHOW FULL COLUMNS FROM `cmf_hook` [ RunTime:0.001855s ]
[2024-12-11T11:36:09+08:00][sql] SELECT `hook`,`id` FROM `cmf_hook` WHERE  (  (  `app` = '' OR `app` = 'cmf' )  AND `type` = 3 ) OR `type` = 1 [ RunTime:0.000685s ]
[2024-12-11T11:36:09+08:00][sql] SHOW FULL COLUMNS FROM `cmf_hook_plugin` [ RunTime:0.001617s ]
[2024-12-11T11:36:09+08:00][sql] SELECT `hook`,`plugin` FROM `cmf_hook_plugin` WHERE  `status` = 1  AND `hook` IN ('app_begin','module_init','action_begin','view_filter','app_end','log_write','response_end','admin_init','home_init','send_mobile_verification_code','body_start','before_head_end','footer_start','before_footer','before_footer_end','before_body_end','left_sidebar_start','before_left_sidebar_end','right_sidebar_start','before_right_sidebar_end','comment','guestbook','switch_theme','after_content','before_content','log_write_done','switch_admin_theme','captcha_image') ORDER BY `list_order` ASC [ RunTime:0.000782s ]
[2024-12-11T11:36:09+08:00][sql] SHOW FULL COLUMNS FROM `cmf_plugin` [ RunTime:0.001458s ]
[2024-12-11T11:36:09+08:00][sql] SELECT `config` FROM `cmf_plugin` WHERE  `name` = 'Qiniu' LIMIT 1 [ RunTime:0.000412s ]
[2024-12-11T11:36:09+08:00][sql] SHOW FULL COLUMNS FROM `cmf_live` [ RunTime:0.001914s ]
[2024-12-11T11:36:09+08:00][sql] SELECT * FROM `cmf_live` WHERE  `islive` = 1  AND `isvideo` = 0  AND `isoff` = 1  AND `offtime` < 1733888139 [ RunTime:0.000901s ]
[2024-12-11T11:36:09+08:00][sql] CONNECT:[ UseTime:0.000630s ] mysql:host=127.0.0.1;port=3306;dbname=zhibo;charset=utf8mb4
[2024-12-11T11:36:09+08:00][sql] SHOW FULL COLUMNS FROM `cmf_hook` [ RunTime:0.001768s ]
[2024-12-11T11:36:09+08:00][sql] SELECT `hook`,`id` FROM `cmf_hook` WHERE  (  (  `app` = '' OR `app` = 'cmf' )  AND `type` = 3 ) OR `type` = 1 [ RunTime:0.000657s ]
[2024-12-11T11:36:09+08:00][sql] SHOW FULL COLUMNS FROM `cmf_hook_plugin` [ RunTime:0.001521s ]
[2024-12-11T11:36:09+08:00][sql] SELECT `hook`,`plugin` FROM `cmf_hook_plugin` WHERE  `status` = 1  AND `hook` IN ('app_begin','module_init','action_begin','view_filter','app_end','log_write','response_end','admin_init','home_init','send_mobile_verification_code','body_start','before_head_end','footer_start','before_footer','before_footer_end','before_body_end','left_sidebar_start','before_left_sidebar_end','right_sidebar_start','before_right_sidebar_end','comment','guestbook','switch_theme','after_content','before_content','log_write_done','switch_admin_theme','captcha_image') ORDER BY `list_order` ASC [ RunTime:0.000798s ]
[2024-12-11T11:36:09+08:00][sql] SHOW FULL COLUMNS FROM `cmf_plugin` [ RunTime:0.001737s ]
[2024-12-11T11:36:09+08:00][sql] SELECT `config` FROM `cmf_plugin` WHERE  `name` = 'Qiniu' LIMIT 1 [ RunTime:0.000481s ]
[2024-12-11T11:36:09+08:00][sql] SHOW FULL COLUMNS FROM `cmf_live` [ RunTime:0.001828s ]
[2024-12-11T11:36:09+08:00][sql] SELECT * FROM `cmf_live` WHERE  `islive` = 1  AND `isvideo` = 0  AND `isoff` = 1  AND `offtime` < 1733888139 [ RunTime:0.000869s ]
[2024-12-11T11:36:14+08:00][sql] CONNECT:[ UseTime:0.000640s ] mysql:host=127.0.0.1;port=3306;dbname=zhibo;charset=utf8mb4
[2024-12-11T11:36:14+08:00][sql] SHOW FULL COLUMNS FROM `cmf_hook` [ RunTime:0.001535s ]
[2024-12-11T11:36:14+08:00][sql] SELECT `hook`,`id` FROM `cmf_hook` WHERE  (  (  `app` = '' OR `app` = 'cmf' )  AND `type` = 3 ) OR `type` = 1 [ RunTime:0.000623s ]
[2024-12-11T11:36:14+08:00][sql] SHOW FULL COLUMNS FROM `cmf_hook_plugin` [ RunTime:0.001223s ]
[2024-12-11T11:36:14+08:00][sql] SELECT `hook`,`plugin` FROM `cmf_hook_plugin` WHERE  `status` = 1  AND `hook` IN ('app_begin','module_init','action_begin','view_filter','app_end','log_write','response_end','admin_init','home_init','send_mobile_verification_code','body_start','before_head_end','footer_start','before_footer','before_footer_end','before_body_end','left_sidebar_start','before_left_sidebar_end','right_sidebar_start','before_right_sidebar_end','comment','guestbook','switch_theme','after_content','before_content','log_write_done','switch_admin_theme','captcha_image') ORDER BY `list_order` ASC [ RunTime:0.000733s ]
[2024-12-11T11:36:14+08:00][sql] SHOW FULL COLUMNS FROM `cmf_plugin` [ RunTime:0.001610s ]
[2024-12-11T11:36:14+08:00][sql] SELECT `config` FROM `cmf_plugin` WHERE  `name` = 'Qiniu' LIMIT 1 [ RunTime:0.000460s ]
[2024-12-11T11:36:14+08:00][sql] SHOW FULL COLUMNS FROM `cmf_live` [ RunTime:0.001597s ]
[2024-12-11T11:36:14+08:00][sql] SELECT * FROM `cmf_live` WHERE  `islive` = 1  AND `isvideo` = 0  AND `isoff` = 1  AND `offtime` < 1733888144 [ RunTime:0.000853s ]
[2024-12-11T11:36:14+08:00][sql] CONNECT:[ UseTime:0.000640s ] mysql:host=127.0.0.1;port=3306;dbname=zhibo;charset=utf8mb4
[2024-12-11T11:36:14+08:00][sql] SHOW FULL COLUMNS FROM `cmf_hook` [ RunTime:0.001262s ]
[2024-12-11T11:36:14+08:00][sql] SELECT `hook`,`id` FROM `cmf_hook` WHERE  (  (  `app` = '' OR `app` = 'cmf' )  AND `type` = 3 ) OR `type` = 1 [ RunTime:0.000586s ]
[2024-12-11T11:36:14+08:00][sql] SHOW FULL COLUMNS FROM `cmf_hook_plugin` [ RunTime:0.001250s ]
[2024-12-11T11:36:14+08:00][sql] SELECT `hook`,`plugin` FROM `cmf_hook_plugin` WHERE  `status` = 1  AND `hook` IN ('app_begin','module_init','action_begin','view_filter','app_end','log_write','response_end','admin_init','home_init','send_mobile_verification_code','body_start','before_head_end','footer_start','before_footer','before_footer_end','before_body_end','left_sidebar_start','before_left_sidebar_end','right_sidebar_start','before_right_sidebar_end','comment','guestbook','switch_theme','after_content','before_content','log_write_done','switch_admin_theme','captcha_image') ORDER BY `list_order` ASC [ RunTime:0.000701s ]
[2024-12-11T11:36:14+08:00][sql] SHOW FULL COLUMNS FROM `cmf_plugin` [ RunTime:0.001793s ]
[2024-12-11T11:36:14+08:00][sql] SELECT `config` FROM `cmf_plugin` WHERE  `name` = 'Qiniu' LIMIT 1 [ RunTime:0.000495s ]
[2024-12-11T11:36:14+08:00][sql] SHOW FULL COLUMNS FROM `cmf_live` [ RunTime:0.001871s ]
[2024-12-11T11:36:14+08:00][sql] SELECT * FROM `cmf_live` WHERE  `islive` = 1  AND `isvideo` = 0  AND `isoff` = 1  AND `offtime` < 1733888144 [ RunTime:0.000888s ]
[2024-12-11T11:36:16+08:00][sql] CONNECT:[ UseTime:0.000680s ] mysql:host=127.0.0.1;port=3306;dbname=zhibo;charset=utf8mb4
[2024-12-11T11:36:16+08:00][sql] SHOW FULL COLUMNS FROM `cmf_hook` [ RunTime:0.001564s ]
[2024-12-11T11:36:16+08:00][sql] SELECT `hook`,`id` FROM `cmf_hook` WHERE  (  (  `app` = '' OR `app` = 'cmf' )  AND `type` = 3 ) OR `type` = 1 [ RunTime:0.000696s ]
[2024-12-11T11:36:16+08:00][sql] SHOW FULL COLUMNS FROM `cmf_hook_plugin` [ RunTime:0.001284s ]
[2024-12-11T11:36:16+08:00][sql] SELECT `hook`,`plugin` FROM `cmf_hook_plugin` WHERE  `status` = 1  AND `hook` IN ('app_begin','module_init','action_begin','view_filter','app_end','log_write','response_end','admin_init','home_init','send_mobile_verification_code','body_start','before_head_end','footer_start','before_footer','before_footer_end','before_body_end','left_sidebar_start','before_left_sidebar_end','right_sidebar_start','before_right_sidebar_end','comment','guestbook','switch_theme','after_content','before_content','log_write_done','switch_admin_theme','captcha_image') ORDER BY `list_order` ASC [ RunTime:0.000745s ]
[2024-12-11T11:36:19+08:00][sql] CONNECT:[ UseTime:0.000733s ] mysql:host=127.0.0.1;port=3306;dbname=zhibo;charset=utf8mb4
[2024-12-11T11:36:19+08:00][sql] SHOW FULL COLUMNS FROM `cmf_hook` [ RunTime:0.001616s ]
[2024-12-11T11:36:19+08:00][sql] SELECT `hook`,`id` FROM `cmf_hook` WHERE  (  (  `app` = '' OR `app` = 'cmf' )  AND `type` = 3 ) OR `type` = 1 [ RunTime:0.000664s ]
[2024-12-11T11:36:19+08:00][sql] SHOW FULL COLUMNS FROM `cmf_hook_plugin` [ RunTime:0.001384s ]
[2024-12-11T11:36:19+08:00][sql] SELECT `hook`,`plugin` FROM `cmf_hook_plugin` WHERE  `status` = 1  AND `hook` IN ('app_begin','module_init','action_begin','view_filter','app_end','log_write','response_end','admin_init','home_init','send_mobile_verification_code','body_start','before_head_end','footer_start','before_footer','before_footer_end','before_body_end','left_sidebar_start','before_left_sidebar_end','right_sidebar_start','before_right_sidebar_end','comment','guestbook','switch_theme','after_content','before_content','log_write_done','switch_admin_theme','captcha_image') ORDER BY `list_order` ASC [ RunTime:0.000734s ]
[2024-12-11T11:36:19+08:00][sql] SHOW FULL COLUMNS FROM `cmf_plugin` [ RunTime:0.001753s ]
[2024-12-11T11:36:19+08:00][sql] SELECT `config` FROM `cmf_plugin` WHERE  `name` = 'Qiniu' LIMIT 1 [ RunTime:0.000504s ]
[2024-12-11T11:36:19+08:00][sql] SHOW FULL COLUMNS FROM `cmf_live` [ RunTime:0.001586s ]
[2024-12-11T11:36:19+08:00][sql] SELECT * FROM `cmf_live` WHERE  `islive` = 1  AND `isvideo` = 0  AND `isoff` = 1  AND `offtime` < 1733888149 [ RunTime:0.000786s ]
[2024-12-11T11:36:19+08:00][sql] CONNECT:[ UseTime:0.000530s ] mysql:host=127.0.0.1;port=3306;dbname=zhibo;charset=utf8mb4
[2024-12-11T11:36:19+08:00][sql] SHOW FULL COLUMNS FROM `cmf_hook` [ RunTime:0.001499s ]
[2024-12-11T11:36:19+08:00][sql] SELECT `hook`,`id` FROM `cmf_hook` WHERE  (  (  `app` = '' OR `app` = 'cmf' )  AND `type` = 3 ) OR `type` = 1 [ RunTime:0.000731s ]
[2024-12-11T11:36:19+08:00][sql] SHOW FULL COLUMNS FROM `cmf_hook_plugin` [ RunTime:0.001342s ]
[2024-12-11T11:36:19+08:00][sql] SELECT `hook`,`plugin` FROM `cmf_hook_plugin` WHERE  `status` = 1  AND `hook` IN ('app_begin','module_init','action_begin','view_filter','app_end','log_write','response_end','admin_init','home_init','send_mobile_verification_code','body_start','before_head_end','footer_start','before_footer','before_footer_end','before_body_end','left_sidebar_start','before_left_sidebar_end','right_sidebar_start','before_right_sidebar_end','comment','guestbook','switch_theme','after_content','before_content','log_write_done','switch_admin_theme','captcha_image') ORDER BY `list_order` ASC [ RunTime:0.000757s ]
[2024-12-11T11:36:19+08:00][sql] SHOW FULL COLUMNS FROM `cmf_plugin` [ RunTime:0.001861s ]
[2024-12-11T11:36:19+08:00][sql] SELECT `config` FROM `cmf_plugin` WHERE  `name` = 'Qiniu' LIMIT 1 [ RunTime:0.000516s ]
[2024-12-11T11:36:19+08:00][sql] SHOW FULL COLUMNS FROM `cmf_live` [ RunTime:0.001945s ]
[2024-12-11T11:36:19+08:00][sql] SELECT * FROM `cmf_live` WHERE  `islive` = 1  AND `isvideo` = 0  AND `isoff` = 1  AND `offtime` < 1733888149 [ RunTime:0.000920s ]
[2024-12-11T11:36:24+08:00][sql] CONNECT:[ UseTime:0.000660s ] mysql:host=127.0.0.1;port=3306;dbname=zhibo;charset=utf8mb4
[2024-12-11T11:36:24+08:00][sql] SHOW FULL COLUMNS FROM `cmf_hook` [ RunTime:0.001555s ]
[2024-12-11T11:36:24+08:00][sql] SELECT `hook`,`id` FROM `cmf_hook` WHERE  (  (  `app` = '' OR `app` = 'cmf' )  AND `type` = 3 ) OR `type` = 1 [ RunTime:0.000594s ]
[2024-12-11T11:36:24+08:00][sql] SHOW FULL COLUMNS FROM `cmf_hook_plugin` [ RunTime:0.001219s ]
[2024-12-11T11:36:24+08:00][sql] SELECT `hook`,`plugin` FROM `cmf_hook_plugin` WHERE  `status` = 1  AND `hook` IN ('app_begin','module_init','action_begin','view_filter','app_end','log_write','response_end','admin_init','home_init','send_mobile_verification_code','body_start','before_head_end','footer_start','before_footer','before_footer_end','before_body_end','left_sidebar_start','before_left_sidebar_end','right_sidebar_start','before_right_sidebar_end','comment','guestbook','switch_theme','after_content','before_content','log_write_done','switch_admin_theme','captcha_image') ORDER BY `list_order` ASC [ RunTime:0.000687s ]
[2024-12-11T11:36:24+08:00][sql] SHOW FULL COLUMNS FROM `cmf_plugin` [ RunTime:0.001768s ]
[2024-12-11T11:36:24+08:00][sql] SELECT `config` FROM `cmf_plugin` WHERE  `name` = 'Qiniu' LIMIT 1 [ RunTime:0.000464s ]
[2024-12-11T11:36:24+08:00][sql] SHOW FULL COLUMNS FROM `cmf_live` [ RunTime:0.001568s ]
[2024-12-11T11:36:24+08:00][sql] SELECT * FROM `cmf_live` WHERE  `islive` = 1  AND `isvideo` = 0  AND `isoff` = 1  AND `offtime` < 1733888154 [ RunTime:0.000788s ]
[2024-12-11T11:36:24+08:00][sql] CONNECT:[ UseTime:0.000525s ] mysql:host=127.0.0.1;port=3306;dbname=zhibo;charset=utf8mb4
[2024-12-11T11:36:24+08:00][sql] SHOW FULL COLUMNS FROM `cmf_hook` [ RunTime:0.001587s ]
[2024-12-11T11:36:24+08:00][sql] SELECT `hook`,`id` FROM `cmf_hook` WHERE  (  (  `app` = '' OR `app` = 'cmf' )  AND `type` = 3 ) OR `type` = 1 [ RunTime:0.000644s ]
[2024-12-11T11:36:24+08:00][sql] SHOW FULL COLUMNS FROM `cmf_hook_plugin` [ RunTime:0.001205s ]
[2024-12-11T11:36:24+08:00][sql] SELECT `hook`,`plugin` FROM `cmf_hook_plugin` WHERE  `status` = 1  AND `hook` IN ('app_begin','module_init','action_begin','view_filter','app_end','log_write','response_end','admin_init','home_init','send_mobile_verification_code','body_start','before_head_end','footer_start','before_footer','before_footer_end','before_body_end','left_sidebar_start','before_left_sidebar_end','right_sidebar_start','before_right_sidebar_end','comment','guestbook','switch_theme','after_content','before_content','log_write_done','switch_admin_theme','captcha_image') ORDER BY `list_order` ASC [ RunTime:0.000640s ]
[2024-12-11T11:36:24+08:00][sql] SHOW FULL COLUMNS FROM `cmf_plugin` [ RunTime:0.001817s ]
[2024-12-11T11:36:24+08:00][sql] SELECT `config` FROM `cmf_plugin` WHERE  `name` = 'Qiniu' LIMIT 1 [ RunTime:0.000513s ]
[2024-12-11T11:36:24+08:00][sql] SHOW FULL COLUMNS FROM `cmf_live` [ RunTime:0.001938s ]
[2024-12-11T11:36:24+08:00][sql] SELECT * FROM `cmf_live` WHERE  `islive` = 1  AND `isvideo` = 0  AND `isoff` = 1  AND `offtime` < 1733888154 [ RunTime:0.000883s ]
