[2024-11-06T00:19:23+08:00][sql] CONNECT:[ UseTime:0.002492s ] mysql:host=43.241.16.146;port=3306;dbname=zhibo;charset=utf8mb4
[2024-11-06T00:19:23+08:00][sql] SHOW FULL COLUMNS FROM `cmf_hook` [ RunTime:0.002310s ]
[2024-11-06T00:19:23+08:00][sql] SELECT `hook`,`id` FROM `cmf_hook` WHERE  (  (  `app` = '' OR `app` = 'cmf' )  AND `type` = 3 ) OR `type` = 1 [ RunTime:0.000893s ]
[2024-11-06T00:19:23+08:00][sql] SHOW FULL COLUMNS FROM `cmf_hook_plugin` [ RunTime:0.000955s ]
[2024-11-06T00:19:23+08:00][sql] SELECT `hook`,`plugin` FROM `cmf_hook_plugin` WHERE  `status` = 1  AND `hook` IN ('app_begin','module_init','action_begin','view_filter','app_end','log_write','response_end','admin_init','home_init','send_mobile_verification_code','body_start','before_head_end','footer_start','before_footer','before_footer_end','before_body_end','left_sidebar_start','before_left_sidebar_end','right_sidebar_start','before_right_sidebar_end','comment','guestbook','switch_theme','after_content','before_content','log_write_done','switch_admin_theme','captcha_image') ORDER BY `list_order` ASC [ RunTime:0.000938s ]
[2024-11-06T00:19:23+08:00][sql] CONNECT:[ UseTime:0.002492s ] mysql:host=43.241.16.146;port=3306;dbname=zhibo;charset=utf8mb4
[2024-11-06T00:19:23+08:00][sql] SHOW FULL COLUMNS FROM `cmf_hook` [ RunTime:0.002326s ]
[2024-11-06T00:19:23+08:00][sql] SELECT `hook`,`id` FROM `cmf_hook` WHERE  (  (  `app` = '' OR `app` = 'cmf' )  AND `type` = 3 ) OR `type` = 1 [ RunTime:0.000896s ]
[2024-11-06T00:19:23+08:00][sql] SHOW FULL COLUMNS FROM `cmf_hook_plugin` [ RunTime:0.000985s ]
[2024-11-06T00:19:23+08:00][sql] SELECT `hook`,`plugin` FROM `cmf_hook_plugin` WHERE  `status` = 1  AND `hook` IN ('app_begin','module_init','action_begin','view_filter','app_end','log_write','response_end','admin_init','home_init','send_mobile_verification_code','body_start','before_head_end','footer_start','before_footer','before_footer_end','before_body_end','left_sidebar_start','before_left_sidebar_end','right_sidebar_start','before_right_sidebar_end','comment','guestbook','switch_theme','after_content','before_content','log_write_done','switch_admin_theme','captcha_image') ORDER BY `list_order` ASC [ RunTime:0.000967s ]
[2024-11-06T00:19:23+08:00][sql] CONNECT:[ UseTime:0.001905s ] mysql:host=43.241.16.146;port=3306;dbname=zhibo;charset=utf8mb4
[2024-11-06T00:19:23+08:00][sql] SHOW FULL COLUMNS FROM `cmf_hook` [ RunTime:0.002074s ]
[2024-11-06T00:19:23+08:00][sql] SELECT `hook`,`id` FROM `cmf_hook` WHERE  (  (  `app` = '' OR `app` = 'cmf' )  AND `type` = 3 ) OR `type` = 1 [ RunTime:0.001100s ]
[2024-11-06T00:19:23+08:00][sql] SHOW FULL COLUMNS FROM `cmf_hook_plugin` [ RunTime:0.001051s ]
[2024-11-06T00:19:23+08:00][sql] SELECT `hook`,`plugin` FROM `cmf_hook_plugin` WHERE  `status` = 1  AND `hook` IN ('app_begin','module_init','action_begin','view_filter','app_end','log_write','response_end','admin_init','home_init','send_mobile_verification_code','body_start','before_head_end','footer_start','before_footer','before_footer_end','before_body_end','left_sidebar_start','before_left_sidebar_end','right_sidebar_start','before_right_sidebar_end','comment','guestbook','switch_theme','after_content','before_content','log_write_done','switch_admin_theme','captcha_image') ORDER BY `list_order` ASC [ RunTime:0.000959s ]
[2024-11-06T00:19:27+08:00][sql] CONNECT:[ UseTime:0.002336s ] mysql:host=43.241.16.146;port=3306;dbname=zhibo;charset=utf8mb4
[2024-11-06T00:19:27+08:00][sql] SHOW FULL COLUMNS FROM `cmf_hook` [ RunTime:0.002043s ]
[2024-11-06T00:19:27+08:00][sql] SELECT `hook`,`id` FROM `cmf_hook` WHERE  (  (  `app` = '' OR `app` = 'cmf' )  AND `type` = 3 ) OR `type` = 1 [ RunTime:0.001117s ]
[2024-11-06T00:19:27+08:00][sql] SHOW FULL COLUMNS FROM `cmf_hook_plugin` [ RunTime:0.001051s ]
[2024-11-06T00:19:27+08:00][sql] SELECT `hook`,`plugin` FROM `cmf_hook_plugin` WHERE  `status` = 1  AND `hook` IN ('app_begin','module_init','action_begin','view_filter','app_end','log_write','response_end','admin_init','home_init','send_mobile_verification_code','body_start','before_head_end','footer_start','before_footer','before_footer_end','before_body_end','left_sidebar_start','before_left_sidebar_end','right_sidebar_start','before_right_sidebar_end','comment','guestbook','switch_theme','after_content','before_content','log_write_done','switch_admin_theme','captcha_image') ORDER BY `list_order` ASC [ RunTime:0.000860s ]
[2024-11-06T00:19:27+08:00][error] [0]WRONGPASS invalid username-password pair or user is disabled.[/www/wwwroot/yuliao.012539.cn/app/redis.php:11]
[2024-11-06T00:20:27+08:00][sql] CONNECT:[ UseTime:0.001486s ] mysql:host=43.241.16.146;port=3306;dbname=zhibo;charset=utf8mb4
[2024-11-06T00:20:27+08:00][sql] SHOW FULL COLUMNS FROM `cmf_hook` [ RunTime:0.002013s ]
[2024-11-06T00:20:27+08:00][sql] SELECT `hook`,`id` FROM `cmf_hook` WHERE  (  (  `app` = '' OR `app` = 'cmf' )  AND `type` = 3 ) OR `type` = 1 [ RunTime:0.001313s ]
[2024-11-06T00:20:27+08:00][sql] SHOW FULL COLUMNS FROM `cmf_hook_plugin` [ RunTime:0.000908s ]
[2024-11-06T00:20:27+08:00][sql] SELECT `hook`,`plugin` FROM `cmf_hook_plugin` WHERE  `status` = 1  AND `hook` IN ('app_begin','module_init','action_begin','view_filter','app_end','log_write','response_end','admin_init','home_init','send_mobile_verification_code','body_start','before_head_end','footer_start','before_footer','before_footer_end','before_body_end','left_sidebar_start','before_left_sidebar_end','right_sidebar_start','before_right_sidebar_end','comment','guestbook','switch_theme','after_content','before_content','log_write_done','switch_admin_theme','captcha_image') ORDER BY `list_order` ASC [ RunTime:0.001123s ]
[2024-11-06T00:20:27+08:00][error] [0]WRONGPASS invalid username-password pair or user is disabled.[/www/wwwroot/yuliao.012539.cn/app/redis.php:11]
[2024-11-06T11:15:58+08:00][sql] CONNECT:[ UseTime:0.002249s ] mysql:host=43.241.16.146;port=3306;dbname=zhibo;charset=utf8mb4
[2024-11-06T11:15:58+08:00][sql] SHOW FULL COLUMNS FROM `cmf_hook` [ RunTime:0.002298s ]
[2024-11-06T11:15:58+08:00][sql] SELECT `hook`,`id` FROM `cmf_hook` WHERE  (  (  `app` = '' OR `app` = 'cmf' )  AND `type` = 3 ) OR `type` = 1 [ RunTime:0.001150s ]
[2024-11-06T11:15:58+08:00][sql] SHOW FULL COLUMNS FROM `cmf_hook_plugin` [ RunTime:0.001044s ]
[2024-11-06T11:15:58+08:00][sql] SELECT `hook`,`plugin` FROM `cmf_hook_plugin` WHERE  `status` = 1  AND `hook` IN ('app_begin','module_init','action_begin','view_filter','app_end','log_write','response_end','admin_init','home_init','send_mobile_verification_code','body_start','before_head_end','footer_start','before_footer','before_footer_end','before_body_end','left_sidebar_start','before_left_sidebar_end','right_sidebar_start','before_right_sidebar_end','comment','guestbook','switch_theme','after_content','before_content','log_write_done','switch_admin_theme','captcha_image') ORDER BY `list_order` ASC [ RunTime:0.001254s ]
[2024-11-06T11:15:58+08:00][error] [0]WRONGPASS invalid username-password pair or user is disabled.[/www/wwwroot/yuliao.012539.cn/app/redis.php:11]
[2024-11-06T11:16:04+08:00][sql] CONNECT:[ UseTime:0.002446s ] mysql:host=43.241.16.146;port=3306;dbname=zhibo;charset=utf8mb4
[2024-11-06T11:16:04+08:00][sql] SHOW FULL COLUMNS FROM `cmf_hook` [ RunTime:0.002238s ]
[2024-11-06T11:16:04+08:00][sql] SELECT `hook`,`id` FROM `cmf_hook` WHERE  (  (  `app` = '' OR `app` = 'cmf' )  AND `type` = 3 ) OR `type` = 1 [ RunTime:0.000855s ]
[2024-11-06T11:16:04+08:00][sql] SHOW FULL COLUMNS FROM `cmf_hook_plugin` [ RunTime:0.000850s ]
[2024-11-06T11:16:04+08:00][sql] SELECT `hook`,`plugin` FROM `cmf_hook_plugin` WHERE  `status` = 1  AND `hook` IN ('app_begin','module_init','action_begin','view_filter','app_end','log_write','response_end','admin_init','home_init','send_mobile_verification_code','body_start','before_head_end','footer_start','before_footer','before_footer_end','before_body_end','left_sidebar_start','before_left_sidebar_end','right_sidebar_start','before_right_sidebar_end','comment','guestbook','switch_theme','after_content','before_content','log_write_done','switch_admin_theme','captcha_image') ORDER BY `list_order` ASC [ RunTime:0.000903s ]
[2024-11-06T11:16:04+08:00][sql] CONNECT:[ UseTime:0.002154s ] mysql:host=43.241.16.146;port=3306;dbname=zhibo;charset=utf8mb4
[2024-11-06T11:16:04+08:00][sql] SHOW FULL COLUMNS FROM `cmf_hook` [ RunTime:0.002301s ]
[2024-11-06T11:16:04+08:00][sql] SELECT `hook`,`id` FROM `cmf_hook` WHERE  (  (  `app` = '' OR `app` = 'cmf' )  AND `type` = 3 ) OR `type` = 1 [ RunTime:0.000964s ]
[2024-11-06T11:16:04+08:00][sql] SHOW FULL COLUMNS FROM `cmf_hook_plugin` [ RunTime:0.000892s ]
[2024-11-06T11:16:04+08:00][sql] SELECT `hook`,`plugin` FROM `cmf_hook_plugin` WHERE  `status` = 1  AND `hook` IN ('app_begin','module_init','action_begin','view_filter','app_end','log_write','response_end','admin_init','home_init','send_mobile_verification_code','body_start','before_head_end','footer_start','before_footer','before_footer_end','before_body_end','left_sidebar_start','before_left_sidebar_end','right_sidebar_start','before_right_sidebar_end','comment','guestbook','switch_theme','after_content','before_content','log_write_done','switch_admin_theme','captcha_image') ORDER BY `list_order` ASC [ RunTime:0.001076s ]
[2024-11-06T11:16:57+08:00][sql] CONNECT:[ UseTime:0.001637s ] mysql:host=43.241.16.146;port=3306;dbname=zhibo;charset=utf8mb4
[2024-11-06T11:16:57+08:00][sql] SHOW FULL COLUMNS FROM `cmf_hook` [ RunTime:0.002167s ]
[2024-11-06T11:16:57+08:00][sql] SELECT `hook`,`id` FROM `cmf_hook` WHERE  (  (  `app` = '' OR `app` = 'cmf' )  AND `type` = 3 ) OR `type` = 1 [ RunTime:0.001183s ]
[2024-11-06T11:16:57+08:00][sql] SHOW FULL COLUMNS FROM `cmf_hook_plugin` [ RunTime:0.000918s ]
[2024-11-06T11:16:57+08:00][sql] SELECT `hook`,`plugin` FROM `cmf_hook_plugin` WHERE  `status` = 1  AND `hook` IN ('app_begin','module_init','action_begin','view_filter','app_end','log_write','response_end','admin_init','home_init','send_mobile_verification_code','body_start','before_head_end','footer_start','before_footer','before_footer_end','before_body_end','left_sidebar_start','before_left_sidebar_end','right_sidebar_start','before_right_sidebar_end','comment','guestbook','switch_theme','after_content','before_content','log_write_done','switch_admin_theme','captcha_image') ORDER BY `list_order` ASC [ RunTime:0.000888s ]
[2024-11-06T11:16:57+08:00][error] [0]WRONGPASS invalid username-password pair or user is disabled.[/www/wwwroot/yuliao.012539.cn/app/redis.php:11]
[2024-11-06T19:16:54+08:00][sql] CONNECT:[ UseTime:0.002271s ] mysql:host=43.241.16.146;port=3306;dbname=zhibo;charset=utf8mb4
[2024-11-06T19:16:54+08:00][sql] SHOW FULL COLUMNS FROM `cmf_hook` [ RunTime:0.002069s ]
[2024-11-06T19:16:54+08:00][sql] SELECT `hook`,`id` FROM `cmf_hook` WHERE  (  (  `app` = '' OR `app` = 'cmf' )  AND `type` = 3 ) OR `type` = 1 [ RunTime:0.001248s ]
[2024-11-06T19:16:54+08:00][sql] SHOW FULL COLUMNS FROM `cmf_hook_plugin` [ RunTime:0.001084s ]
[2024-11-06T19:16:54+08:00][sql] SELECT `hook`,`plugin` FROM `cmf_hook_plugin` WHERE  `status` = 1  AND `hook` IN ('app_begin','module_init','action_begin','view_filter','app_end','log_write','response_end','admin_init','home_init','send_mobile_verification_code','body_start','before_head_end','footer_start','before_footer','before_footer_end','before_body_end','left_sidebar_start','before_left_sidebar_end','right_sidebar_start','before_right_sidebar_end','comment','guestbook','switch_theme','after_content','before_content','log_write_done','switch_admin_theme','captcha_image') ORDER BY `list_order` ASC [ RunTime:0.000933s ]
[2024-11-06T19:16:54+08:00][error] [0]WRONGPASS invalid username-password pair or user is disabled.[/www/wwwroot/yuliao.012539.cn/app/redis.php:11]
[2024-11-06T19:17:06+08:00][sql] CONNECT:[ UseTime:0.001924s ] mysql:host=43.241.16.146;port=3306;dbname=zhibo;charset=utf8mb4
[2024-11-06T19:17:06+08:00][sql] SHOW FULL COLUMNS FROM `cmf_hook` [ RunTime:0.002517s ]
[2024-11-06T19:17:06+08:00][sql] SELECT `hook`,`id` FROM `cmf_hook` WHERE  (  (  `app` = '' OR `app` = 'cmf' )  AND `type` = 3 ) OR `type` = 1 [ RunTime:0.001128s ]
[2024-11-06T19:17:06+08:00][sql] SHOW FULL COLUMNS FROM `cmf_hook_plugin` [ RunTime:0.001098s ]
[2024-11-06T19:17:06+08:00][sql] SELECT `hook`,`plugin` FROM `cmf_hook_plugin` WHERE  `status` = 1  AND `hook` IN ('app_begin','module_init','action_begin','view_filter','app_end','log_write','response_end','admin_init','home_init','send_mobile_verification_code','body_start','before_head_end','footer_start','before_footer','before_footer_end','before_body_end','left_sidebar_start','before_left_sidebar_end','right_sidebar_start','before_right_sidebar_end','comment','guestbook','switch_theme','after_content','before_content','log_write_done','switch_admin_theme','captcha_image') ORDER BY `list_order` ASC [ RunTime:0.000998s ]
[2024-11-06T19:17:06+08:00][error] [0]WRONGPASS invalid username-password pair or user is disabled.[/www/wwwroot/yuliao.012539.cn/app/redis.php:11]
[2024-11-06T19:22:00+08:00][sql] CONNECT:[ UseTime:0.002145s ] mysql:host=43.241.16.146;port=3306;dbname=zhibo;charset=utf8mb4
[2024-11-06T19:22:00+08:00][sql] SHOW FULL COLUMNS FROM `cmf_hook` [ RunTime:0.002367s ]
[2024-11-06T19:22:00+08:00][sql] SELECT `hook`,`id` FROM `cmf_hook` WHERE  (  (  `app` = '' OR `app` = 'cmf' )  AND `type` = 3 ) OR `type` = 1 [ RunTime:0.001243s ]
[2024-11-06T19:22:00+08:00][sql] SHOW FULL COLUMNS FROM `cmf_hook_plugin` [ RunTime:0.001208s ]
[2024-11-06T19:22:00+08:00][sql] SELECT `hook`,`plugin` FROM `cmf_hook_plugin` WHERE  `status` = 1  AND `hook` IN ('app_begin','module_init','action_begin','view_filter','app_end','log_write','response_end','admin_init','home_init','send_mobile_verification_code','body_start','before_head_end','footer_start','before_footer','before_footer_end','before_body_end','left_sidebar_start','before_left_sidebar_end','right_sidebar_start','before_right_sidebar_end','comment','guestbook','switch_theme','after_content','before_content','log_write_done','switch_admin_theme','captcha_image') ORDER BY `list_order` ASC [ RunTime:0.001321s ]
[2024-11-06T19:22:00+08:00][error] [0]Connection refused[/www/wwwroot/yuliao.012539.cn/app/redis.php:10]
[2024-11-06T19:36:26+08:00][sql] CONNECT:[ UseTime:0.001414s ] mysql:host=43.241.16.146;port=3306;dbname=zhibo;charset=utf8mb4
[2024-11-06T19:36:26+08:00][sql] SHOW FULL COLUMNS FROM `cmf_hook` [ RunTime:0.001679s ]
[2024-11-06T19:36:26+08:00][sql] SELECT `hook`,`id` FROM `cmf_hook` WHERE  (  (  `app` = '' OR `app` = 'cmf' )  AND `type` = 3 ) OR `type` = 1 [ RunTime:0.001007s ]
[2024-11-06T19:36:26+08:00][sql] SHOW FULL COLUMNS FROM `cmf_hook_plugin` [ RunTime:0.000903s ]
[2024-11-06T19:36:26+08:00][sql] SELECT `hook`,`plugin` FROM `cmf_hook_plugin` WHERE  `status` = 1  AND `hook` IN ('app_begin','module_init','action_begin','view_filter','app_end','log_write','response_end','admin_init','home_init','send_mobile_verification_code','body_start','before_head_end','footer_start','before_footer','before_footer_end','before_body_end','left_sidebar_start','before_left_sidebar_end','right_sidebar_start','before_right_sidebar_end','comment','guestbook','switch_theme','after_content','before_content','log_write_done','switch_admin_theme','captcha_image') ORDER BY `list_order` ASC [ RunTime:0.000871s ]
[2024-11-06T19:36:26+08:00][error] [0]Connection refused[/www/wwwroot/yuliao.012539.cn/app/redis.php:10]
[2024-11-06T19:38:08+08:00][sql] CONNECT:[ UseTime:0.002499s ] mysql:host=43.241.16.146;port=3306;dbname=zhibo;charset=utf8mb4
[2024-11-06T19:38:08+08:00][sql] SHOW FULL COLUMNS FROM `cmf_hook` [ RunTime:0.002119s ]
[2024-11-06T19:38:08+08:00][sql] SELECT `hook`,`id` FROM `cmf_hook` WHERE  (  (  `app` = '' OR `app` = 'cmf' )  AND `type` = 3 ) OR `type` = 1 [ RunTime:0.001297s ]
[2024-11-06T19:38:08+08:00][sql] SHOW FULL COLUMNS FROM `cmf_hook_plugin` [ RunTime:0.000937s ]
[2024-11-06T19:38:08+08:00][sql] SELECT `hook`,`plugin` FROM `cmf_hook_plugin` WHERE  `status` = 1  AND `hook` IN ('app_begin','module_init','action_begin','view_filter','app_end','log_write','response_end','admin_init','home_init','send_mobile_verification_code','body_start','before_head_end','footer_start','before_footer','before_footer_end','before_body_end','left_sidebar_start','before_left_sidebar_end','right_sidebar_start','before_right_sidebar_end','comment','guestbook','switch_theme','after_content','before_content','log_write_done','switch_admin_theme','captcha_image') ORDER BY `list_order` ASC [ RunTime:0.000875s ]
[2024-11-06T19:38:08+08:00][error] [0]Connection refused[/www/wwwroot/yuliao.012539.cn/app/redis.php:10]
[2024-11-06T19:38:10+08:00][sql] CONNECT:[ UseTime:0.002148s ] mysql:host=43.241.16.146;port=3306;dbname=zhibo;charset=utf8mb4
[2024-11-06T19:38:10+08:00][sql] SHOW FULL COLUMNS FROM `cmf_hook` [ RunTime:0.002045s ]
[2024-11-06T19:38:10+08:00][sql] SELECT `hook`,`id` FROM `cmf_hook` WHERE  (  (  `app` = '' OR `app` = 'cmf' )  AND `type` = 3 ) OR `type` = 1 [ RunTime:0.001174s ]
[2024-11-06T19:38:10+08:00][sql] SHOW FULL COLUMNS FROM `cmf_hook_plugin` [ RunTime:0.001162s ]
[2024-11-06T19:38:10+08:00][sql] SELECT `hook`,`plugin` FROM `cmf_hook_plugin` WHERE  `status` = 1  AND `hook` IN ('app_begin','module_init','action_begin','view_filter','app_end','log_write','response_end','admin_init','home_init','send_mobile_verification_code','body_start','before_head_end','footer_start','before_footer','before_footer_end','before_body_end','left_sidebar_start','before_left_sidebar_end','right_sidebar_start','before_right_sidebar_end','comment','guestbook','switch_theme','after_content','before_content','log_write_done','switch_admin_theme','captcha_image') ORDER BY `list_order` ASC [ RunTime:0.001197s ]
[2024-11-06T19:38:10+08:00][error] [0]Connection refused[/www/wwwroot/yuliao.012539.cn/app/redis.php:10]
[2024-11-06T19:38:35+08:00][sql] CONNECT:[ UseTime:0.001942s ] mysql:host=43.241.16.146;port=3306;dbname=zhibo;charset=utf8mb4
[2024-11-06T19:38:35+08:00][sql] SHOW FULL COLUMNS FROM `cmf_hook` [ RunTime:0.002272s ]
[2024-11-06T19:38:35+08:00][sql] SELECT `hook`,`id` FROM `cmf_hook` WHERE  (  (  `app` = '' OR `app` = 'cmf' )  AND `type` = 3 ) OR `type` = 1 [ RunTime:0.000962s ]
[2024-11-06T19:38:35+08:00][sql] SHOW FULL COLUMNS FROM `cmf_hook_plugin` [ RunTime:0.000922s ]
[2024-11-06T19:38:35+08:00][sql] SELECT `hook`,`plugin` FROM `cmf_hook_plugin` WHERE  `status` = 1  AND `hook` IN ('app_begin','module_init','action_begin','view_filter','app_end','log_write','response_end','admin_init','home_init','send_mobile_verification_code','body_start','before_head_end','footer_start','before_footer','before_footer_end','before_body_end','left_sidebar_start','before_left_sidebar_end','right_sidebar_start','before_right_sidebar_end','comment','guestbook','switch_theme','after_content','before_content','log_write_done','switch_admin_theme','captcha_image') ORDER BY `list_order` ASC [ RunTime:0.000947s ]
[2024-11-06T19:38:35+08:00][error] [0]Connection refused[/www/wwwroot/yuliao.012539.cn/app/redis.php:10]
[2024-11-06T19:38:37+08:00][sql] CONNECT:[ UseTime:0.001725s ] mysql:host=43.241.16.146;port=3306;dbname=zhibo;charset=utf8mb4
[2024-11-06T19:38:37+08:00][sql] SHOW FULL COLUMNS FROM `cmf_hook` [ RunTime:0.002286s ]
[2024-11-06T19:38:37+08:00][sql] SELECT `hook`,`id` FROM `cmf_hook` WHERE  (  (  `app` = '' OR `app` = 'cmf' )  AND `type` = 3 ) OR `type` = 1 [ RunTime:0.000841s ]
[2024-11-06T19:38:37+08:00][sql] SHOW FULL COLUMNS FROM `cmf_hook_plugin` [ RunTime:0.000813s ]
[2024-11-06T19:38:37+08:00][sql] SELECT `hook`,`plugin` FROM `cmf_hook_plugin` WHERE  `status` = 1  AND `hook` IN ('app_begin','module_init','action_begin','view_filter','app_end','log_write','response_end','admin_init','home_init','send_mobile_verification_code','body_start','before_head_end','footer_start','before_footer','before_footer_end','before_body_end','left_sidebar_start','before_left_sidebar_end','right_sidebar_start','before_right_sidebar_end','comment','guestbook','switch_theme','after_content','before_content','log_write_done','switch_admin_theme','captcha_image') ORDER BY `list_order` ASC [ RunTime:0.000797s ]
[2024-11-06T19:38:37+08:00][error] [0]Connection refused[/www/wwwroot/yuliao.012539.cn/app/redis.php:10]
[2024-11-06T19:51:51+08:00][sql] CONNECT:[ UseTime:0.001686s ] mysql:host=43.241.16.146;port=3306;dbname=zhibo;charset=utf8mb4
[2024-11-06T19:51:51+08:00][sql] SHOW FULL COLUMNS FROM `cmf_hook` [ RunTime:0.002079s ]
[2024-11-06T19:51:51+08:00][sql] SELECT `hook`,`id` FROM `cmf_hook` WHERE  (  (  `app` = '' OR `app` = 'cmf' )  AND `type` = 3 ) OR `type` = 1 [ RunTime:0.001238s ]
[2024-11-06T19:51:51+08:00][sql] SHOW FULL COLUMNS FROM `cmf_hook_plugin` [ RunTime:0.001036s ]
[2024-11-06T19:51:51+08:00][sql] SELECT `hook`,`plugin` FROM `cmf_hook_plugin` WHERE  `status` = 1  AND `hook` IN ('app_begin','module_init','action_begin','view_filter','app_end','log_write','response_end','admin_init','home_init','send_mobile_verification_code','body_start','before_head_end','footer_start','before_footer','before_footer_end','before_body_end','left_sidebar_start','before_left_sidebar_end','right_sidebar_start','before_right_sidebar_end','comment','guestbook','switch_theme','after_content','before_content','log_write_done','switch_admin_theme','captcha_image') ORDER BY `list_order` ASC [ RunTime:0.001024s ]
[2024-11-06T19:51:51+08:00][error] [0]Connection refused[/www/wwwroot/yuliao.012539.cn/app/redis.php:10]
