[2024-11-19T12:35:49+08:00][sql] CONNECT:[ UseTime:0.000394s ] mysql:host=43.241.16.146;port=3306;dbname=zhibo;charset=utf8mb4
[2024-11-19T12:35:49+08:00][sql] SHOW FULL COLUMNS FROM `cmf_hook` [ RunTime:0.000670s ]
[2024-11-19T12:35:49+08:00][sql] SELECT `hook`,`id` FROM `cmf_hook` WHERE  (  (  `app` = '' OR `app` = 'cmf' )  AND `type` = 3 ) OR `type` = 1 [ RunTime:0.000402s ]
[2024-11-19T12:35:49+08:00][sql] SHOW FULL COLUMNS FROM `cmf_hook_plugin` [ RunTime:0.000480s ]
[2024-11-19T12:35:49+08:00][sql] SELECT `hook`,`plugin` FROM `cmf_hook_plugin` WHERE  `status` = 1  AND `hook` IN ('app_begin','module_init','action_begin','view_filter','app_end','log_write','response_end','admin_init','home_init','send_mobile_verification_code','body_start','before_head_end','footer_start','before_footer','before_footer_end','before_body_end','left_sidebar_start','before_left_sidebar_end','right_sidebar_start','before_right_sidebar_end','comment','guestbook','switch_theme','after_content','before_content','log_write_done','switch_admin_theme','captcha_image') ORDER BY `list_order` ASC [ RunTime:0.000427s ]
[2024-11-19T12:35:49+08:00][sql] SHOW FULL COLUMNS FROM `cmf_plugin` [ RunTime:0.000804s ]
[2024-11-19T12:35:49+08:00][sql] SELECT `config` FROM `cmf_plugin` WHERE  `name` = 'Qiniu' LIMIT 1 [ RunTime:0.000302s ]
[2024-11-19T12:35:49+08:00][sql] SHOW FULL COLUMNS FROM `cmf_user` [ RunTime:0.000652s ]
[2024-11-19T12:35:49+08:00][sql] SELECT `id`,`user_login`,`user_nickname`,`avatar`,`avatar_thumb`,`sex`,`signature`,`consumption`,`votestotal`,`province`,`city`,`coin`,`votes`,`birthday`,`issuper` FROM `cmf_user` WHERE  `id` = 2 LIMIT 1 [ RunTime:0.000333s ]
[2024-11-19T12:35:49+08:00][sql] SHOW FULL COLUMNS FROM `cmf_vip_user` [ RunTime:0.000447s ]
[2024-11-19T12:35:49+08:00][sql] SELECT * FROM `cmf_vip_user` WHERE  `uid` = 2 LIMIT 1 [ RunTime:0.000236s ]
[2024-11-19T12:35:49+08:00][sql] SHOW FULL COLUMNS FROM `cmf_liang` [ RunTime:0.000492s ]
[2024-11-19T12:35:49+08:00][sql] SELECT * FROM `cmf_liang` WHERE  ( status=1 and state=1 )  AND `uid` = 2 LIMIT 1 [ RunTime:0.000286s ]
[2024-11-19T12:35:49+08:00][sql] SHOW FULL COLUMNS FROM `cmf_user_token` [ RunTime:0.000442s ]
[2024-11-19T12:35:49+08:00][sql] SELECT `token` FROM `cmf_user_token` WHERE  ( user_id=2 ) LIMIT 1 [ RunTime:0.000222s ]
[2024-11-19T12:35:49+08:00][sql] SELECT `id`,`user_login`,`user_nickname`,`avatar`,`avatar_thumb`,`sex`,`signature`,`consumption`,`votestotal`,`province`,`city`,`coin`,`votes`,`birthday`,`issuper` FROM `cmf_user` WHERE  `id` = 2 LIMIT 1 [ RunTime:0.000279s ]
[2024-11-19T12:35:49+08:00][sql] SELECT * FROM `cmf_vip_user` WHERE  `uid` = 2 LIMIT 1 [ RunTime:0.000227s ]
[2024-11-19T12:35:49+08:00][sql] SELECT * FROM `cmf_liang` WHERE  ( status=1 and state=1 )  AND `uid` = 2 LIMIT 1 [ RunTime:0.000246s ]
[2024-11-19T12:35:49+08:00][sql] SELECT `token` FROM `cmf_user_token` WHERE  ( user_id=2 ) LIMIT 1 [ RunTime:0.000192s ]
[2024-11-19T12:35:49+08:00][sql] SHOW FULL COLUMNS FROM `cmf_live` [ RunTime:0.000584s ]
[2024-11-19T12:35:49+08:00][sql] SELECT * FROM `cmf_live` WHERE  ( islive='1' and isrecommend='1' and type='0' and live_type=0 ) [ RunTime:0.000408s ]
[2024-11-19T12:35:49+08:00][sql] SHOW FULL COLUMNS FROM `cmf_slide_item` [ RunTime:0.000460s ]
[2024-11-19T12:35:49+08:00][sql] SELECT * FROM `cmf_slide_item` WHERE  ( status='1' and slide_id='1' ) ORDER BY `list_order` ASC [ RunTime:0.000304s ]
[2024-11-19T12:35:49+08:00][sql] SHOW FULL COLUMNS FROM `cmf_live_class` [ RunTime:0.000440s ]
[2024-11-19T12:35:49+08:00][sql] SELECT * FROM `cmf_live_class` ORDER BY `list_order` LIMIT 5 [ RunTime:0.000281s ]
[2024-11-19T12:35:49+08:00][sql] SELECT * FROM `cmf_live` WHERE  `islive` = 1  AND `live_type` = 0  AND `liveclassid` = 8 ORDER BY `recommend_time` DESC,`starttime` DESC LIMIT 5 [ RunTime:0.000411s ]
[2024-11-19T12:35:49+08:00][sql] SELECT `uid`,`thumb`,`stream`,`title`,`city`,`islive`,`type` FROM `cmf_live` WHERE  ( islive='1' and ishot='1' and live_type=0 ) ORDER BY `isrecommend` DESC,`recommend_time` DESC,`hotvotes` DESC,`starttime` DESC LIMIT 5 [ RunTime:0.000300s ]
[2024-11-19T12:35:49+08:00][sql] SELECT `uid`,`thumb`,`stream`,`title`,`city`,`islive`,`type` FROM `cmf_live` WHERE  ( islive='1' and live_type=0 ) ORDER BY `starttime` DESC LIMIT 5 [ RunTime:0.000262s ]
[2024-11-19T12:35:49+08:00][sql] SHOW FULL COLUMNS FROM `cmf_theme_file` [ RunTime:0.000496s ]
[2024-11-19T12:35:49+08:00][sql] SELECT `more` FROM `cmf_theme_file` WHERE  `theme` = 'default'  AND (  `is_public` = 1 OR `file` = '../home/index/index' ) [ RunTime:0.000274s ]
[2024-11-19T12:35:50+08:00][sql] CONNECT:[ UseTime:0.000294s ] mysql:host=43.241.16.146;port=3306;dbname=zhibo;charset=utf8mb4
[2024-11-19T12:35:50+08:00][sql] SHOW FULL COLUMNS FROM `cmf_hook` [ RunTime:0.000515s ]
[2024-11-19T12:35:50+08:00][sql] SELECT `hook`,`id` FROM `cmf_hook` WHERE  (  (  `app` = '' OR `app` = 'cmf' )  AND `type` = 3 ) OR `type` = 1 [ RunTime:0.000340s ]
[2024-11-19T12:35:50+08:00][sql] SHOW FULL COLUMNS FROM `cmf_hook_plugin` [ RunTime:0.000447s ]
[2024-11-19T12:35:50+08:00][sql] SELECT `hook`,`plugin` FROM `cmf_hook_plugin` WHERE  `status` = 1  AND `hook` IN ('app_begin','module_init','action_begin','view_filter','app_end','log_write','response_end','admin_init','home_init','send_mobile_verification_code','body_start','before_head_end','footer_start','before_footer','before_footer_end','before_body_end','left_sidebar_start','before_left_sidebar_end','right_sidebar_start','before_right_sidebar_end','comment','guestbook','switch_theme','after_content','before_content','log_write_done','switch_admin_theme','captcha_image') ORDER BY `list_order` ASC [ RunTime:0.000417s ]
[2024-11-19T12:35:50+08:00][sql] SHOW FULL COLUMNS FROM `cmf_plugin` [ RunTime:0.000553s ]
[2024-11-19T12:35:50+08:00][sql] SELECT `config` FROM `cmf_plugin` WHERE  `name` = 'Qiniu' LIMIT 1 [ RunTime:0.000243s ]
[2024-11-19T12:35:50+08:00][sql] SHOW FULL COLUMNS FROM `cmf_user` [ RunTime:0.000627s ]
[2024-11-19T12:35:50+08:00][sql] SELECT `id`,`user_login`,`user_nickname`,`avatar`,`avatar_thumb`,`sex`,`signature`,`consumption`,`votestotal`,`province`,`city`,`coin`,`votes`,`birthday`,`issuper` FROM `cmf_user` WHERE  `id` = 2 LIMIT 1 [ RunTime:0.000314s ]
[2024-11-19T12:35:50+08:00][sql] SHOW FULL COLUMNS FROM `cmf_vip_user` [ RunTime:0.000417s ]
[2024-11-19T12:35:50+08:00][sql] SELECT * FROM `cmf_vip_user` WHERE  `uid` = 2 LIMIT 1 [ RunTime:0.000228s ]
[2024-11-19T12:35:50+08:00][sql] SHOW FULL COLUMNS FROM `cmf_liang` [ RunTime:0.000436s ]
[2024-11-19T12:35:50+08:00][sql] SELECT * FROM `cmf_liang` WHERE  ( status=1 and state=1 )  AND `uid` = 2 LIMIT 1 [ RunTime:0.000278s ]
[2024-11-19T12:35:50+08:00][sql] SHOW FULL COLUMNS FROM `cmf_user_token` [ RunTime:0.000407s ]
[2024-11-19T12:35:50+08:00][sql] SELECT `token` FROM `cmf_user_token` WHERE  ( user_id=2 ) LIMIT 1 [ RunTime:0.000218s ]
[2024-11-19T12:35:50+08:00][sql] SELECT `id`,`user_login`,`user_nickname`,`avatar`,`avatar_thumb`,`sex`,`signature`,`consumption`,`votestotal`,`province`,`city`,`coin`,`votes`,`birthday`,`issuper` FROM `cmf_user` WHERE  `id` = 2 LIMIT 1 [ RunTime:0.000277s ]
[2024-11-19T12:35:50+08:00][sql] SELECT * FROM `cmf_vip_user` WHERE  `uid` = 2 LIMIT 1 [ RunTime:0.000230s ]
[2024-11-19T12:35:50+08:00][sql] SELECT * FROM `cmf_liang` WHERE  ( status=1 and state=1 )  AND `uid` = 2 LIMIT 1 [ RunTime:0.000245s ]
[2024-11-19T12:35:50+08:00][sql] SELECT `token` FROM `cmf_user_token` WHERE  ( user_id=2 ) LIMIT 1 [ RunTime:0.000202s ]
[2024-11-19T12:35:50+08:00][sql] SHOW FULL COLUMNS FROM `cmf_slide_item` [ RunTime:0.000450s ]
[2024-11-19T12:35:50+08:00][sql] SELECT * FROM `cmf_slide_item` WHERE  ( status='1' and slide_id='6' ) ORDER BY `list_order` ASC [ RunTime:0.000302s ]
[2024-11-19T12:35:50+08:00][sql] SHOW FULL COLUMNS FROM `cmf_live` [ RunTime:0.000559s ]
[2024-11-19T12:35:50+08:00][sql] SELECT `uid`,`title`,`city`,`stream`,`pull`,`thumb`,`type` FROM `cmf_live` WHERE  `islive` = 1  AND `live_type` = 0  AND `ishot` = 1 ORDER BY `recommend_time` DESC,`starttime` DESC LIMIT 0,20 [ RunTime:0.000329s ]
[2024-11-19T12:35:50+08:00][sql] SHOW FULL COLUMNS FROM `cmf_theme_file` [ RunTime:0.000461s ]
[2024-11-19T12:35:50+08:00][sql] SELECT `more` FROM `cmf_theme_file` WHERE  `theme` = 'default'  AND (  `is_public` = 1 OR `file` = '../wxshare/share/index' ) [ RunTime:0.000280s ]
[2024-11-19T12:35:50+08:00][sql] CONNECT:[ UseTime:0.000287s ] mysql:host=43.241.16.146;port=3306;dbname=zhibo;charset=utf8mb4
[2024-11-19T12:35:50+08:00][sql] SHOW FULL COLUMNS FROM `cmf_hook` [ RunTime:0.000442s ]
[2024-11-19T12:35:50+08:00][sql] SELECT `hook`,`id` FROM `cmf_hook` WHERE  (  (  `app` = '' OR `app` = 'cmf' )  AND `type` = 3 ) OR `type` = 1 [ RunTime:0.000323s ]
[2024-11-19T12:35:50+08:00][sql] SHOW FULL COLUMNS FROM `cmf_hook_plugin` [ RunTime:0.000422s ]
[2024-11-19T12:35:50+08:00][sql] SELECT `hook`,`plugin` FROM `cmf_hook_plugin` WHERE  `status` = 1  AND `hook` IN ('app_begin','module_init','action_begin','view_filter','app_end','log_write','response_end','admin_init','home_init','send_mobile_verification_code','body_start','before_head_end','footer_start','before_footer','before_footer_end','before_body_end','left_sidebar_start','before_left_sidebar_end','right_sidebar_start','before_right_sidebar_end','comment','guestbook','switch_theme','after_content','before_content','log_write_done','switch_admin_theme','captcha_image') ORDER BY `list_order` ASC [ RunTime:0.000383s ]
[2024-11-19T12:35:52+08:00][sql] CONNECT:[ UseTime:0.000293s ] mysql:host=43.241.16.146;port=3306;dbname=zhibo;charset=utf8mb4
[2024-11-19T12:35:52+08:00][sql] SHOW FULL COLUMNS FROM `cmf_hook` [ RunTime:0.000458s ]
[2024-11-19T12:35:52+08:00][sql] SELECT `hook`,`id` FROM `cmf_hook` WHERE  (  (  `app` = '' OR `app` = 'cmf' )  AND `type` = 3 ) OR `type` = 1 [ RunTime:0.000325s ]
[2024-11-19T12:35:52+08:00][sql] SHOW FULL COLUMNS FROM `cmf_hook_plugin` [ RunTime:0.000414s ]
[2024-11-19T12:35:52+08:00][sql] SELECT `hook`,`plugin` FROM `cmf_hook_plugin` WHERE  `status` = 1  AND `hook` IN ('app_begin','module_init','action_begin','view_filter','app_end','log_write','response_end','admin_init','home_init','send_mobile_verification_code','body_start','before_head_end','footer_start','before_footer','before_footer_end','before_body_end','left_sidebar_start','before_left_sidebar_end','right_sidebar_start','before_right_sidebar_end','comment','guestbook','switch_theme','after_content','before_content','log_write_done','switch_admin_theme','captcha_image') ORDER BY `list_order` ASC [ RunTime:0.000387s ]
[2024-11-19T12:35:52+08:00][sql] SHOW FULL COLUMNS FROM `cmf_plugin` [ RunTime:0.000500s ]
[2024-11-19T12:35:52+08:00][sql] SELECT `config` FROM `cmf_plugin` WHERE  `name` = 'Qiniu' LIMIT 1 [ RunTime:0.000237s ]
[2024-11-19T12:35:52+08:00][sql] SHOW FULL COLUMNS FROM `cmf_user` [ RunTime:0.000639s ]
[2024-11-19T12:35:52+08:00][sql] SELECT `id`,`user_login`,`user_nickname`,`avatar`,`avatar_thumb`,`sex`,`signature`,`consumption`,`votestotal`,`province`,`city`,`coin`,`votes`,`birthday`,`issuper` FROM `cmf_user` WHERE  `id` = 2 LIMIT 1 [ RunTime:0.000319s ]
[2024-11-19T12:35:52+08:00][sql] SHOW FULL COLUMNS FROM `cmf_vip_user` [ RunTime:0.000423s ]
[2024-11-19T12:35:52+08:00][sql] SELECT * FROM `cmf_vip_user` WHERE  `uid` = 2 LIMIT 1 [ RunTime:0.000235s ]
[2024-11-19T12:35:52+08:00][sql] SHOW FULL COLUMNS FROM `cmf_liang` [ RunTime:0.000468s ]
[2024-11-19T12:35:52+08:00][sql] SELECT * FROM `cmf_liang` WHERE  ( status=1 and state=1 )  AND `uid` = 2 LIMIT 1 [ RunTime:0.000271s ]
[2024-11-19T12:35:52+08:00][sql] SHOW FULL COLUMNS FROM `cmf_user_token` [ RunTime:0.000441s ]
[2024-11-19T12:35:52+08:00][sql] SELECT `token` FROM `cmf_user_token` WHERE  ( user_id=2 ) LIMIT 1 [ RunTime:0.000211s ]
[2024-11-19T12:35:52+08:00][sql] SELECT `id`,`user_login`,`user_nickname`,`avatar`,`avatar_thumb`,`sex`,`signature`,`consumption`,`votestotal`,`province`,`city`,`coin`,`votes`,`birthday`,`issuper` FROM `cmf_user` WHERE  `id` = 2 LIMIT 1 [ RunTime:0.000283s ]
[2024-11-19T12:35:52+08:00][sql] SELECT * FROM `cmf_vip_user` WHERE  `uid` = 2 LIMIT 1 [ RunTime:0.000218s ]
[2024-11-19T12:35:52+08:00][sql] SELECT * FROM `cmf_liang` WHERE  ( status=1 and state=1 )  AND `uid` = 2 LIMIT 1 [ RunTime:0.000252s ]
[2024-11-19T12:35:52+08:00][sql] SELECT `token` FROM `cmf_user_token` WHERE  ( user_id=2 ) LIMIT 1 [ RunTime:0.000192s ]
[2024-11-19T12:35:52+08:00][sql] SELECT `id`,`user_login`,`user_nickname`,`avatar`,`avatar_thumb`,`sex`,`signature`,`consumption`,`votestotal`,`province`,`city`,`coin`,`votes`,`birthday`,`issuper` FROM `cmf_user` WHERE  `id` = 2 LIMIT 1 [ RunTime:0.000275s ]
[2024-11-19T12:35:52+08:00][sql] SELECT * FROM `cmf_vip_user` WHERE  `uid` = 2 LIMIT 1 [ RunTime:0.000218s ]
[2024-11-19T12:35:52+08:00][sql] SELECT * FROM `cmf_liang` WHERE  ( status=1 and state=1 )  AND `uid` = 2 LIMIT 1 [ RunTime:0.000242s ]
[2024-11-19T12:35:52+08:00][sql] SELECT `token` FROM `cmf_user_token` WHERE  ( user_id=2 ) LIMIT 1 [ RunTime:0.000193s ]
[2024-11-19T12:35:52+08:00][sql] SHOW FULL COLUMNS FROM `cmf_user_attention` [ RunTime:0.000397s ]
[2024-11-19T12:35:52+08:00][sql] SELECT COUNT(*) AS think_count FROM `cmf_user_attention` WHERE  `uid` = 2 LIMIT 1 [ RunTime:0.000240s ]
[2024-11-19T12:35:52+08:00][sql] SELECT COUNT(*) AS think_count FROM `cmf_user_attention` WHERE  `touid` = 2 LIMIT 1 [ RunTime:0.000209s ]
[2024-11-19T12:35:52+08:00][sql] SHOW FULL COLUMNS FROM `cmf_theme_file` [ RunTime:0.000454s ]
[2024-11-19T12:35:52+08:00][sql] SELECT `more` FROM `cmf_theme_file` WHERE  `theme` = 'default'  AND (  `is_public` = 1 OR `file` = '../wxshare/user/index' ) [ RunTime:0.000274s ]
[2024-11-19T12:35:53+08:00][sql] CONNECT:[ UseTime:0.000356s ] mysql:host=43.241.16.146;port=3306;dbname=zhibo;charset=utf8mb4
[2024-11-19T12:35:53+08:00][sql] SHOW FULL COLUMNS FROM `cmf_hook` [ RunTime:0.000536s ]
[2024-11-19T12:35:53+08:00][sql] SELECT `hook`,`id` FROM `cmf_hook` WHERE  (  (  `app` = '' OR `app` = 'cmf' )  AND `type` = 3 ) OR `type` = 1 [ RunTime:0.000353s ]
[2024-11-19T12:35:53+08:00][sql] SHOW FULL COLUMNS FROM `cmf_hook_plugin` [ RunTime:0.000438s ]
[2024-11-19T12:35:53+08:00][sql] SELECT `hook`,`plugin` FROM `cmf_hook_plugin` WHERE  `status` = 1  AND `hook` IN ('app_begin','module_init','action_begin','view_filter','app_end','log_write','response_end','admin_init','home_init','send_mobile_verification_code','body_start','before_head_end','footer_start','before_footer','before_footer_end','before_body_end','left_sidebar_start','before_left_sidebar_end','right_sidebar_start','before_right_sidebar_end','comment','guestbook','switch_theme','after_content','before_content','log_write_done','switch_admin_theme','captcha_image') ORDER BY `list_order` ASC [ RunTime:0.000409s ]
[2024-11-19T12:35:53+08:00][sql] SHOW FULL COLUMNS FROM `cmf_plugin` [ RunTime:0.000715s ]
[2024-11-19T12:35:53+08:00][sql] SELECT `config` FROM `cmf_plugin` WHERE  `name` = 'Qiniu' LIMIT 1 [ RunTime:0.000296s ]
[2024-11-19T12:35:53+08:00][sql] SHOW FULL COLUMNS FROM `cmf_user` [ RunTime:0.000642s ]
[2024-11-19T12:35:53+08:00][sql] SELECT `id`,`user_login`,`user_nickname`,`avatar`,`avatar_thumb`,`sex`,`signature`,`consumption`,`votestotal`,`province`,`city`,`coin`,`votes`,`birthday`,`issuper` FROM `cmf_user` WHERE  `id` = 2 LIMIT 1 [ RunTime:0.000333s ]
[2024-11-19T12:35:53+08:00][sql] SHOW FULL COLUMNS FROM `cmf_vip_user` [ RunTime:0.000421s ]
[2024-11-19T12:35:53+08:00][sql] SELECT * FROM `cmf_vip_user` WHERE  `uid` = 2 LIMIT 1 [ RunTime:0.000232s ]
[2024-11-19T12:35:53+08:00][sql] SHOW FULL COLUMNS FROM `cmf_liang` [ RunTime:0.000436s ]
[2024-11-19T12:35:53+08:00][sql] SELECT * FROM `cmf_liang` WHERE  ( status=1 and state=1 )  AND `uid` = 2 LIMIT 1 [ RunTime:0.000288s ]
[2024-11-19T12:35:53+08:00][sql] SHOW FULL COLUMNS FROM `cmf_user_token` [ RunTime:0.000412s ]
[2024-11-19T12:35:53+08:00][sql] SELECT `token` FROM `cmf_user_token` WHERE  ( user_id=2 ) LIMIT 1 [ RunTime:0.000220s ]
[2024-11-19T12:35:53+08:00][sql] SELECT `id`,`user_login`,`user_nickname`,`avatar`,`avatar_thumb`,`sex`,`signature`,`consumption`,`votestotal`,`province`,`city`,`coin`,`votes`,`birthday`,`issuper` FROM `cmf_user` WHERE  `id` = 2 LIMIT 1 [ RunTime:0.000276s ]
[2024-11-19T12:35:53+08:00][sql] SELECT * FROM `cmf_vip_user` WHERE  `uid` = 2 LIMIT 1 [ RunTime:0.000231s ]
[2024-11-19T12:35:53+08:00][sql] SELECT * FROM `cmf_liang` WHERE  ( status=1 and state=1 )  AND `uid` = 2 LIMIT 1 [ RunTime:0.000249s ]
[2024-11-19T12:35:53+08:00][sql] SELECT `token` FROM `cmf_user_token` WHERE  ( user_id=2 ) LIMIT 1 [ RunTime:0.000199s ]
[2024-11-19T12:35:53+08:00][sql] SELECT `id`,`user_login`,`user_nickname`,`avatar`,`avatar_thumb`,`sex`,`signature`,`consumption`,`votestotal`,`province`,`city`,`coin`,`votes`,`birthday`,`issuper` FROM `cmf_user` WHERE  `id` = 2 LIMIT 1 [ RunTime:0.000276s ]
[2024-11-19T12:35:53+08:00][sql] SELECT * FROM `cmf_vip_user` WHERE  `uid` = 2 LIMIT 1 [ RunTime:0.000220s ]
[2024-11-19T12:35:53+08:00][sql] SELECT * FROM `cmf_liang` WHERE  ( status=1 and state=1 )  AND `uid` = 2 LIMIT 1 [ RunTime:0.000246s ]
[2024-11-19T12:35:53+08:00][sql] SELECT `token` FROM `cmf_user_token` WHERE  ( user_id=2 ) LIMIT 1 [ RunTime:0.000196s ]
[2024-11-19T12:35:53+08:00][sql] SHOW FULL COLUMNS FROM `cmf_user_attention` [ RunTime:0.000403s ]
[2024-11-19T12:35:53+08:00][sql] SELECT COUNT(*) AS think_count FROM `cmf_user_attention` WHERE  `uid` = 2 LIMIT 1 [ RunTime:0.000251s ]
[2024-11-19T12:35:53+08:00][sql] SELECT COUNT(*) AS think_count FROM `cmf_user_attention` WHERE  `touid` = 2 LIMIT 1 [ RunTime:0.000211s ]
[2024-11-19T12:35:53+08:00][sql] SHOW FULL COLUMNS FROM `cmf_theme_file` [ RunTime:0.000474s ]
[2024-11-19T12:35:53+08:00][sql] SELECT `more` FROM `cmf_theme_file` WHERE  `theme` = 'default'  AND (  `is_public` = 1 OR `file` = '../wxshare/user/index' ) [ RunTime:0.000272s ]
