[2024-10-29T12:11:23+08:00][error] [0]ERR AUTH <password> called without any password configured for the default user. Are you sure your configuration is correct?
[2024-10-29T12:12:02+08:00][error] [0]ERR AUTH <password> called without any password configured for the default user. Are you sure your configuration is correct?
[2024-10-29T12:12:04+08:00][error] [0]ERR AUTH <password> called without any password configured for the default user. Are you sure your configuration is correct?
[2024-10-29T12:12:33+08:00][error] [0]ERR AUTH <password> called without any password configured for the default user. Are you sure your configuration is correct?
[2024-10-29T12:12:42+08:00][error] [0]ERR AUTH <password> called without any password configured for the default user. Are you sure your configuration is correct?
[2024-10-29T12:13:42+08:00][error] [0]ERR AUTH <password> called without any password configured for the default user. Are you sure your configuration is correct?
[2024-10-29T12:37:03+08:00][error] [0]ERR AUTH <password> called without any password configured for the default user. Are you sure your configuration is correct?
[2024-10-29T12:37:25+08:00][sql] CONNECT:[ UseTime:0.000462s ] mysql:host=43.241.16.146;port=3306;dbname=zhibo;charset=utf8mb4
[2024-10-29T12:37:25+08:00][sql] SHOW FULL COLUMNS FROM `cmf_hook` [ RunTime:0.000659s ]
[2024-10-29T12:37:25+08:00][sql] SELECT `hook`,`id` FROM `cmf_hook` WHERE  (  (  `app` = '' OR `app` = 'cmf' )  AND `type` = 3 ) OR `type` = 1 [ RunTime:0.000408s ]
[2024-10-29T12:37:25+08:00][sql] SHOW FULL COLUMNS FROM `cmf_hook_plugin` [ RunTime:0.000463s ]
[2024-10-29T12:37:25+08:00][sql] SELECT `hook`,`plugin` FROM `cmf_hook_plugin` WHERE  `status` = 1  AND `hook` IN ('app_begin','module_init','action_begin','view_filter','app_end','log_write','response_end','admin_init','home_init','send_mobile_verification_code','body_start','before_head_end','footer_start','before_footer','before_footer_end','before_body_end','left_sidebar_start','before_left_sidebar_end','right_sidebar_start','before_right_sidebar_end','comment','guestbook','switch_theme','after_content','before_content','log_write_done','switch_admin_theme','captcha_image') ORDER BY `list_order` ASC [ RunTime:0.000448s ]
[2024-10-29T12:37:25+08:00][error] [0]ERR AUTH <password> called without any password configured for the default user. Are you sure your configuration is correct?[/www/wwwroot/yuliao.012539.cn/app/redis.php:11]
[2024-10-29T12:39:08+08:00][sql] CONNECT:[ UseTime:0.000503s ] mysql:host=43.241.16.146;port=3306;dbname=zhibo;charset=utf8mb4
[2024-10-29T12:39:08+08:00][sql] SHOW FULL COLUMNS FROM `cmf_hook` [ RunTime:0.000632s ]
[2024-10-29T12:39:08+08:00][sql] SELECT `hook`,`id` FROM `cmf_hook` WHERE  (  (  `app` = '' OR `app` = 'cmf' )  AND `type` = 3 ) OR `type` = 1 [ RunTime:0.000405s ]
[2024-10-29T12:39:08+08:00][sql] SHOW FULL COLUMNS FROM `cmf_hook_plugin` [ RunTime:0.000460s ]
[2024-10-29T12:39:08+08:00][sql] SELECT `hook`,`plugin` FROM `cmf_hook_plugin` WHERE  `status` = 1  AND `hook` IN ('app_begin','module_init','action_begin','view_filter','app_end','log_write','response_end','admin_init','home_init','send_mobile_verification_code','body_start','before_head_end','footer_start','before_footer','before_footer_end','before_body_end','left_sidebar_start','before_left_sidebar_end','right_sidebar_start','before_right_sidebar_end','comment','guestbook','switch_theme','after_content','before_content','log_write_done','switch_admin_theme','captcha_image') ORDER BY `list_order` ASC [ RunTime:0.000429s ]
[2024-10-29T12:39:08+08:00][error] [0]ERR AUTH <password> called without any password configured for the default user. Are you sure your configuration is correct?[/www/wwwroot/yuliao.012539.cn/app/redis.php:11]
[2024-10-29T12:39:19+08:00][sql] CONNECT:[ UseTime:0.000493s ] mysql:host=43.241.16.146;port=3306;dbname=zhibo;charset=utf8mb4
[2024-10-29T12:39:19+08:00][sql] SHOW FULL COLUMNS FROM `cmf_hook` [ RunTime:0.000640s ]
[2024-10-29T12:39:19+08:00][sql] SELECT `hook`,`id` FROM `cmf_hook` WHERE  (  (  `app` = '' OR `app` = 'cmf' )  AND `type` = 3 ) OR `type` = 1 [ RunTime:0.000397s ]
[2024-10-29T12:39:19+08:00][sql] SHOW FULL COLUMNS FROM `cmf_hook_plugin` [ RunTime:0.000432s ]
[2024-10-29T12:39:19+08:00][sql] SELECT `hook`,`plugin` FROM `cmf_hook_plugin` WHERE  `status` = 1  AND `hook` IN ('app_begin','module_init','action_begin','view_filter','app_end','log_write','response_end','admin_init','home_init','send_mobile_verification_code','body_start','before_head_end','footer_start','before_footer','before_footer_end','before_body_end','left_sidebar_start','before_left_sidebar_end','right_sidebar_start','before_right_sidebar_end','comment','guestbook','switch_theme','after_content','before_content','log_write_done','switch_admin_theme','captcha_image') ORDER BY `list_order` ASC [ RunTime:0.000419s ]
[2024-10-29T12:39:19+08:00][error] [0]ERR AUTH <password> called without any password configured for the default user. Are you sure your configuration is correct?[/www/wwwroot/yuliao.012539.cn/app/redis.php:11]
[2024-10-29T12:42:07+08:00][sql] CONNECT:[ UseTime:0.000508s ] mysql:host=43.241.16.146;port=3306;dbname=zhibo;charset=utf8mb4
[2024-10-29T12:42:07+08:00][sql] SHOW FULL COLUMNS FROM `cmf_hook` [ RunTime:0.000659s ]
[2024-10-29T12:42:07+08:00][sql] SELECT `hook`,`id` FROM `cmf_hook` WHERE  (  (  `app` = '' OR `app` = 'cmf' )  AND `type` = 3 ) OR `type` = 1 [ RunTime:0.000411s ]
[2024-10-29T12:42:07+08:00][sql] SHOW FULL COLUMNS FROM `cmf_hook_plugin` [ RunTime:0.000456s ]
[2024-10-29T12:42:07+08:00][sql] SELECT `hook`,`plugin` FROM `cmf_hook_plugin` WHERE  `status` = 1  AND `hook` IN ('app_begin','module_init','action_begin','view_filter','app_end','log_write','response_end','admin_init','home_init','send_mobile_verification_code','body_start','before_head_end','footer_start','before_footer','before_footer_end','before_body_end','left_sidebar_start','before_left_sidebar_end','right_sidebar_start','before_right_sidebar_end','comment','guestbook','switch_theme','after_content','before_content','log_write_done','switch_admin_theme','captcha_image') ORDER BY `list_order` ASC [ RunTime:0.000432s ]
[2024-10-29T12:42:07+08:00][error] [0]ERR AUTH <password> called without any password configured for the default user. Are you sure your configuration is correct?[/www/wwwroot/yuliao.012539.cn/app/redis.php:11]
[2024-10-29T12:42:51+08:00][sql] CONNECT:[ UseTime:0.000396s ] mysql:host=43.241.16.146;port=3306;dbname=zhibo;charset=utf8mb4
[2024-10-29T12:42:51+08:00][sql] SHOW FULL COLUMNS FROM `cmf_hook` [ RunTime:0.000644s ]
[2024-10-29T12:42:51+08:00][sql] SELECT `hook`,`id` FROM `cmf_hook` WHERE  (  (  `app` = '' OR `app` = 'cmf' )  AND `type` = 3 ) OR `type` = 1 [ RunTime:0.000406s ]
[2024-10-29T12:42:51+08:00][sql] SHOW FULL COLUMNS FROM `cmf_hook_plugin` [ RunTime:0.000463s ]
[2024-10-29T12:42:51+08:00][sql] SELECT `hook`,`plugin` FROM `cmf_hook_plugin` WHERE  `status` = 1  AND `hook` IN ('app_begin','module_init','action_begin','view_filter','app_end','log_write','response_end','admin_init','home_init','send_mobile_verification_code','body_start','before_head_end','footer_start','before_footer','before_footer_end','before_body_end','left_sidebar_start','before_left_sidebar_end','right_sidebar_start','before_right_sidebar_end','comment','guestbook','switch_theme','after_content','before_content','log_write_done','switch_admin_theme','captcha_image') ORDER BY `list_order` ASC [ RunTime:0.000423s ]
[2024-10-29T12:42:51+08:00][error] [0]ERR AUTH <password> called without any password configured for the default user. Are you sure your configuration is correct?[/www/wwwroot/yuliao.012539.cn/app/redis.php:11]
[2024-10-29T12:43:14+08:00][sql] CONNECT:[ UseTime:0.000500s ] mysql:host=43.241.16.146;port=3306;dbname=zhibo;charset=utf8mb4
[2024-10-29T12:43:14+08:00][sql] SHOW FULL COLUMNS FROM `cmf_hook` [ RunTime:0.000638s ]
[2024-10-29T12:43:14+08:00][sql] SELECT `hook`,`id` FROM `cmf_hook` WHERE  (  (  `app` = '' OR `app` = 'cmf' )  AND `type` = 3 ) OR `type` = 1 [ RunTime:0.000398s ]
[2024-10-29T12:43:14+08:00][sql] SHOW FULL COLUMNS FROM `cmf_hook_plugin` [ RunTime:0.000442s ]
[2024-10-29T12:43:14+08:00][sql] SELECT `hook`,`plugin` FROM `cmf_hook_plugin` WHERE  `status` = 1  AND `hook` IN ('app_begin','module_init','action_begin','view_filter','app_end','log_write','response_end','admin_init','home_init','send_mobile_verification_code','body_start','before_head_end','footer_start','before_footer','before_footer_end','before_body_end','left_sidebar_start','before_left_sidebar_end','right_sidebar_start','before_right_sidebar_end','comment','guestbook','switch_theme','after_content','before_content','log_write_done','switch_admin_theme','captcha_image') ORDER BY `list_order` ASC [ RunTime:0.000409s ]
[2024-10-29T12:43:14+08:00][error] [0]WRONGPASS invalid username-password pair or user is disabled.[/www/wwwroot/yuliao.012539.cn/app/redis.php:11]
[2024-10-29T16:15:40+08:00][sql] CONNECT:[ UseTime:0.000501s ] mysql:host=43.241.16.146;port=3306;dbname=zhibo;charset=utf8mb4
[2024-10-29T16:15:40+08:00][sql] SHOW FULL COLUMNS FROM `cmf_hook` [ RunTime:0.000702s ]
[2024-10-29T16:15:40+08:00][sql] SELECT `hook`,`id` FROM `cmf_hook` WHERE  (  (  `app` = '' OR `app` = 'cmf' )  AND `type` = 3 ) OR `type` = 1 [ RunTime:0.000399s ]
[2024-10-29T16:15:40+08:00][sql] SHOW FULL COLUMNS FROM `cmf_hook_plugin` [ RunTime:0.000444s ]
[2024-10-29T16:15:40+08:00][sql] SELECT `hook`,`plugin` FROM `cmf_hook_plugin` WHERE  `status` = 1  AND `hook` IN ('app_begin','module_init','action_begin','view_filter','app_end','log_write','response_end','admin_init','home_init','send_mobile_verification_code','body_start','before_head_end','footer_start','before_footer','before_footer_end','before_body_end','left_sidebar_start','before_left_sidebar_end','right_sidebar_start','before_right_sidebar_end','comment','guestbook','switch_theme','after_content','before_content','log_write_done','switch_admin_theme','captcha_image') ORDER BY `list_order` ASC [ RunTime:0.000433s ]
[2024-10-29T16:15:40+08:00][error] [0]WRONGPASS invalid username-password pair or user is disabled.[/www/wwwroot/yuliao.012539.cn/app/redis.php:11]
[2024-10-29T16:15:42+08:00][sql] CONNECT:[ UseTime:0.000377s ] mysql:host=43.241.16.146;port=3306;dbname=zhibo;charset=utf8mb4
[2024-10-29T16:15:42+08:00][sql] SHOW FULL COLUMNS FROM `cmf_hook` [ RunTime:0.000542s ]
[2024-10-29T16:15:42+08:00][sql] SELECT `hook`,`id` FROM `cmf_hook` WHERE  (  (  `app` = '' OR `app` = 'cmf' )  AND `type` = 3 ) OR `type` = 1 [ RunTime:0.000346s ]
[2024-10-29T16:15:42+08:00][sql] SHOW FULL COLUMNS FROM `cmf_hook_plugin` [ RunTime:0.000442s ]
[2024-10-29T16:15:42+08:00][sql] SELECT `hook`,`plugin` FROM `cmf_hook_plugin` WHERE  `status` = 1  AND `hook` IN ('app_begin','module_init','action_begin','view_filter','app_end','log_write','response_end','admin_init','home_init','send_mobile_verification_code','body_start','before_head_end','footer_start','before_footer','before_footer_end','before_body_end','left_sidebar_start','before_left_sidebar_end','right_sidebar_start','before_right_sidebar_end','comment','guestbook','switch_theme','after_content','before_content','log_write_done','switch_admin_theme','captcha_image') ORDER BY `list_order` ASC [ RunTime:0.000423s ]
[2024-10-29T16:15:42+08:00][error] [0]WRONGPASS invalid username-password pair or user is disabled.[/www/wwwroot/yuliao.012539.cn/app/redis.php:11]
[2024-10-29T19:26:42+08:00][sql] CONNECT:[ UseTime:0.000530s ] mysql:host=43.241.16.146;port=3306;dbname=zhibo;charset=utf8mb4
[2024-10-29T19:26:42+08:00][sql] SHOW FULL COLUMNS FROM `cmf_hook` [ RunTime:0.000680s ]
[2024-10-29T19:26:42+08:00][sql] SELECT `hook`,`id` FROM `cmf_hook` WHERE  (  (  `app` = '' OR `app` = 'cmf' )  AND `type` = 3 ) OR `type` = 1 [ RunTime:0.000398s ]
[2024-10-29T19:26:42+08:00][sql] SHOW FULL COLUMNS FROM `cmf_hook_plugin` [ RunTime:0.000449s ]
[2024-10-29T19:26:42+08:00][sql] SELECT `hook`,`plugin` FROM `cmf_hook_plugin` WHERE  `status` = 1  AND `hook` IN ('app_begin','module_init','action_begin','view_filter','app_end','log_write','response_end','admin_init','home_init','send_mobile_verification_code','body_start','before_head_end','footer_start','before_footer','before_footer_end','before_body_end','left_sidebar_start','before_left_sidebar_end','right_sidebar_start','before_right_sidebar_end','comment','guestbook','switch_theme','after_content','before_content','log_write_done','switch_admin_theme','captcha_image') ORDER BY `list_order` ASC [ RunTime:0.000433s ]
[2024-10-29T19:26:42+08:00][error] [0]WRONGPASS invalid username-password pair or user is disabled.[/www/wwwroot/yuliao.012539.cn/app/redis.php:11]
[2024-10-29T19:26:50+08:00][sql] CONNECT:[ UseTime:0.000486s ] mysql:host=43.241.16.146;port=3306;dbname=zhibo;charset=utf8mb4
[2024-10-29T19:26:50+08:00][sql] SHOW FULL COLUMNS FROM `cmf_hook` [ RunTime:0.000683s ]
[2024-10-29T19:26:50+08:00][sql] SELECT `hook`,`id` FROM `cmf_hook` WHERE  (  (  `app` = '' OR `app` = 'cmf' )  AND `type` = 3 ) OR `type` = 1 [ RunTime:0.000403s ]
[2024-10-29T19:26:50+08:00][sql] SHOW FULL COLUMNS FROM `cmf_hook_plugin` [ RunTime:0.000432s ]
[2024-10-29T19:26:50+08:00][sql] SELECT `hook`,`plugin` FROM `cmf_hook_plugin` WHERE  `status` = 1  AND `hook` IN ('app_begin','module_init','action_begin','view_filter','app_end','log_write','response_end','admin_init','home_init','send_mobile_verification_code','body_start','before_head_end','footer_start','before_footer','before_footer_end','before_body_end','left_sidebar_start','before_left_sidebar_end','right_sidebar_start','before_right_sidebar_end','comment','guestbook','switch_theme','after_content','before_content','log_write_done','switch_admin_theme','captcha_image') ORDER BY `list_order` ASC [ RunTime:0.000424s ]
[2024-10-29T19:26:50+08:00][error] [0]WRONGPASS invalid username-password pair or user is disabled.[/www/wwwroot/yuliao.012539.cn/app/redis.php:11]
[2024-10-29T23:40:40+08:00][sql] CONNECT:[ UseTime:0.000464s ] mysql:host=43.241.16.146;port=3306;dbname=zhibo;charset=utf8mb4
[2024-10-29T23:40:40+08:00][sql] SHOW FULL COLUMNS FROM `cmf_hook` [ RunTime:0.000794s ]
[2024-10-29T23:40:40+08:00][sql] SELECT `hook`,`id` FROM `cmf_hook` WHERE  (  (  `app` = '' OR `app` = 'cmf' )  AND `type` = 3 ) OR `type` = 1 [ RunTime:0.000400s ]
[2024-10-29T23:40:40+08:00][sql] SHOW FULL COLUMNS FROM `cmf_hook_plugin` [ RunTime:0.000535s ]
[2024-10-29T23:40:40+08:00][sql] SELECT `hook`,`plugin` FROM `cmf_hook_plugin` WHERE  `status` = 1  AND `hook` IN ('app_begin','module_init','action_begin','view_filter','app_end','log_write','response_end','admin_init','home_init','send_mobile_verification_code','body_start','before_head_end','footer_start','before_footer','before_footer_end','before_body_end','left_sidebar_start','before_left_sidebar_end','right_sidebar_start','before_right_sidebar_end','comment','guestbook','switch_theme','after_content','before_content','log_write_done','switch_admin_theme','captcha_image') ORDER BY `list_order` ASC [ RunTime:0.000425s ]
[2024-10-29T23:40:40+08:00][error] [0]WRONGPASS invalid username-password pair or user is disabled.[/www/wwwroot/yuliao.012539.cn/app/redis.php:11]
[2024-10-29T23:40:51+08:00][sql] CONNECT:[ UseTime:0.000378s ] mysql:host=43.241.16.146;port=3306;dbname=zhibo;charset=utf8mb4
[2024-10-29T23:40:51+08:00][sql] SHOW FULL COLUMNS FROM `cmf_hook` [ RunTime:0.000740s ]
[2024-10-29T23:40:51+08:00][sql] SELECT `hook`,`id` FROM `cmf_hook` WHERE  (  (  `app` = '' OR `app` = 'cmf' )  AND `type` = 3 ) OR `type` = 1 [ RunTime:0.000405s ]
[2024-10-29T23:40:51+08:00][sql] SHOW FULL COLUMNS FROM `cmf_hook_plugin` [ RunTime:0.000542s ]
[2024-10-29T23:40:51+08:00][sql] SELECT `hook`,`plugin` FROM `cmf_hook_plugin` WHERE  `status` = 1  AND `hook` IN ('app_begin','module_init','action_begin','view_filter','app_end','log_write','response_end','admin_init','home_init','send_mobile_verification_code','body_start','before_head_end','footer_start','before_footer','before_footer_end','before_body_end','left_sidebar_start','before_left_sidebar_end','right_sidebar_start','before_right_sidebar_end','comment','guestbook','switch_theme','after_content','before_content','log_write_done','switch_admin_theme','captcha_image') ORDER BY `list_order` ASC [ RunTime:0.000433s ]
[2024-10-29T23:40:51+08:00][error] [0]WRONGPASS invalid username-password pair or user is disabled.[/www/wwwroot/yuliao.012539.cn/app/redis.php:11]
[2024-10-29T23:41:21+08:00][sql] CONNECT:[ UseTime:0.000314s ] mysql:host=43.241.16.146;port=3306;dbname=zhibo;charset=utf8mb4
[2024-10-29T23:41:21+08:00][sql] SHOW FULL COLUMNS FROM `cmf_hook` [ RunTime:0.000610s ]
[2024-10-29T23:41:21+08:00][sql] SELECT `hook`,`id` FROM `cmf_hook` WHERE  (  (  `app` = '' OR `app` = 'cmf' )  AND `type` = 3 ) OR `type` = 1 [ RunTime:0.000334s ]
[2024-10-29T23:41:21+08:00][sql] SHOW FULL COLUMNS FROM `cmf_hook_plugin` [ RunTime:0.000530s ]
[2024-10-29T23:41:21+08:00][sql] SELECT `hook`,`plugin` FROM `cmf_hook_plugin` WHERE  `status` = 1  AND `hook` IN ('app_begin','module_init','action_begin','view_filter','app_end','log_write','response_end','admin_init','home_init','send_mobile_verification_code','body_start','before_head_end','footer_start','before_footer','before_footer_end','before_body_end','left_sidebar_start','before_left_sidebar_end','right_sidebar_start','before_right_sidebar_end','comment','guestbook','switch_theme','after_content','before_content','log_write_done','switch_admin_theme','captcha_image') ORDER BY `list_order` ASC [ RunTime:0.000397s ]
[2024-10-29T23:41:21+08:00][error] [0]WRONGPASS invalid username-password pair or user is disabled.[/www/wwwroot/yuliao.012539.cn/app/redis.php:11]
