[2024-10-30T10:44:31+08:00][sql] CONNECT:[ UseTime:0.000453s ] mysql:host=43.241.16.146;port=3306;dbname=zhibo;charset=utf8mb4
[2024-10-30T10:44:31+08:00][sql] SHOW FULL COLUMNS FROM `cmf_hook` [ RunTime:0.000710s ]
[2024-10-30T10:44:31+08:00][sql] SELECT `hook`,`id` FROM `cmf_hook` WHERE  (  (  `app` = '' OR `app` = 'cmf' )  AND `type` = 3 ) OR `type` = 1 [ RunTime:0.000396s ]
[2024-10-30T10:44:31+08:00][sql] SHOW FULL COLUMNS FROM `cmf_hook_plugin` [ RunTime:0.000544s ]
[2024-10-30T10:44:31+08:00][sql] SELECT `hook`,`plugin` FROM `cmf_hook_plugin` WHERE  `status` = 1  AND `hook` IN ('app_begin','module_init','action_begin','view_filter','app_end','log_write','response_end','admin_init','home_init','send_mobile_verification_code','body_start','before_head_end','footer_start','before_footer','before_footer_end','before_body_end','left_sidebar_start','before_left_sidebar_end','right_sidebar_start','before_right_sidebar_end','comment','guestbook','switch_theme','after_content','before_content','log_write_done','switch_admin_theme','captcha_image') ORDER BY `list_order` ASC [ RunTime:0.000429s ]
[2024-10-30T10:44:31+08:00][error] [0]WRONGPASS invalid username-password pair or user is disabled.[/www/wwwroot/yuliao.012539.cn/app/redis.php:11]
[2024-10-30T10:44:34+08:00][sql] CONNECT:[ UseTime:0.000310s ] mysql:host=43.241.16.146;port=3306;dbname=zhibo;charset=utf8mb4
[2024-10-30T10:44:34+08:00][sql] SHOW FULL COLUMNS FROM `cmf_hook` [ RunTime:0.000589s ]
[2024-10-30T10:44:34+08:00][sql] SELECT `hook`,`id` FROM `cmf_hook` WHERE  (  (  `app` = '' OR `app` = 'cmf' )  AND `type` = 3 ) OR `type` = 1 [ RunTime:0.000329s ]
[2024-10-30T10:44:34+08:00][sql] SHOW FULL COLUMNS FROM `cmf_hook_plugin` [ RunTime:0.000521s ]
[2024-10-30T10:44:34+08:00][sql] SELECT `hook`,`plugin` FROM `cmf_hook_plugin` WHERE  `status` = 1  AND `hook` IN ('app_begin','module_init','action_begin','view_filter','app_end','log_write','response_end','admin_init','home_init','send_mobile_verification_code','body_start','before_head_end','footer_start','before_footer','before_footer_end','before_body_end','left_sidebar_start','before_left_sidebar_end','right_sidebar_start','before_right_sidebar_end','comment','guestbook','switch_theme','after_content','before_content','log_write_done','switch_admin_theme','captcha_image') ORDER BY `list_order` ASC [ RunTime:0.000409s ]
[2024-10-30T10:59:32+08:00][sql] CONNECT:[ UseTime:0.000497s ] mysql:host=43.241.16.146;port=3306;dbname=zhibo;charset=utf8mb4
[2024-10-30T10:59:32+08:00][sql] SHOW FULL COLUMNS FROM `cmf_hook` [ RunTime:0.000719s ]
[2024-10-30T10:59:32+08:00][sql] SELECT `hook`,`id` FROM `cmf_hook` WHERE  (  (  `app` = '' OR `app` = 'cmf' )  AND `type` = 3 ) OR `type` = 1 [ RunTime:0.000402s ]
[2024-10-30T10:59:32+08:00][sql] SHOW FULL COLUMNS FROM `cmf_hook_plugin` [ RunTime:0.000558s ]
[2024-10-30T10:59:32+08:00][sql] SELECT `hook`,`plugin` FROM `cmf_hook_plugin` WHERE  `status` = 1  AND `hook` IN ('app_begin','module_init','action_begin','view_filter','app_end','log_write','response_end','admin_init','home_init','send_mobile_verification_code','body_start','before_head_end','footer_start','before_footer','before_footer_end','before_body_end','left_sidebar_start','before_left_sidebar_end','right_sidebar_start','before_right_sidebar_end','comment','guestbook','switch_theme','after_content','before_content','log_write_done','switch_admin_theme','captcha_image') ORDER BY `list_order` ASC [ RunTime:0.000409s ]
[2024-10-30T10:59:32+08:00][error] [0]WRONGPASS invalid username-password pair or user is disabled.[/www/wwwroot/yuliao.012539.cn/app/redis.php:11]
[2024-10-30T13:12:25+08:00][sql] CONNECT:[ UseTime:0.000465s ] mysql:host=43.241.16.146;port=3306;dbname=zhibo;charset=utf8mb4
[2024-10-30T13:12:25+08:00][sql] SHOW FULL COLUMNS FROM `cmf_hook` [ RunTime:0.000801s ]
[2024-10-30T13:12:25+08:00][sql] SELECT `hook`,`id` FROM `cmf_hook` WHERE  (  (  `app` = '' OR `app` = 'cmf' )  AND `type` = 3 ) OR `type` = 1 [ RunTime:0.000416s ]
[2024-10-30T13:12:25+08:00][sql] SHOW FULL COLUMNS FROM `cmf_hook_plugin` [ RunTime:0.000547s ]
[2024-10-30T13:12:25+08:00][sql] SELECT `hook`,`plugin` FROM `cmf_hook_plugin` WHERE  `status` = 1  AND `hook` IN ('app_begin','module_init','action_begin','view_filter','app_end','log_write','response_end','admin_init','home_init','send_mobile_verification_code','body_start','before_head_end','footer_start','before_footer','before_footer_end','before_body_end','left_sidebar_start','before_left_sidebar_end','right_sidebar_start','before_right_sidebar_end','comment','guestbook','switch_theme','after_content','before_content','log_write_done','switch_admin_theme','captcha_image') ORDER BY `list_order` ASC [ RunTime:0.000422s ]
[2024-10-30T13:12:25+08:00][error] [0]WRONGPASS invalid username-password pair or user is disabled.[/www/wwwroot/yuliao.012539.cn/app/redis.php:11]
[2024-10-30T13:12:25+08:00][sql] CONNECT:[ UseTime:0.000340s ] mysql:host=43.241.16.146;port=3306;dbname=zhibo;charset=utf8mb4
[2024-10-30T13:12:25+08:00][sql] SHOW FULL COLUMNS FROM `cmf_hook` [ RunTime:0.000758s ]
[2024-10-30T13:12:25+08:00][sql] SELECT `hook`,`id` FROM `cmf_hook` WHERE  (  (  `app` = '' OR `app` = 'cmf' )  AND `type` = 3 ) OR `type` = 1 [ RunTime:0.000396s ]
[2024-10-30T13:12:25+08:00][sql] SHOW FULL COLUMNS FROM `cmf_hook_plugin` [ RunTime:0.000547s ]
[2024-10-30T13:12:25+08:00][sql] SELECT `hook`,`plugin` FROM `cmf_hook_plugin` WHERE  `status` = 1  AND `hook` IN ('app_begin','module_init','action_begin','view_filter','app_end','log_write','response_end','admin_init','home_init','send_mobile_verification_code','body_start','before_head_end','footer_start','before_footer','before_footer_end','before_body_end','left_sidebar_start','before_left_sidebar_end','right_sidebar_start','before_right_sidebar_end','comment','guestbook','switch_theme','after_content','before_content','log_write_done','switch_admin_theme','captcha_image') ORDER BY `list_order` ASC [ RunTime:0.000421s ]
[2024-10-30T13:12:25+08:00][error] [0]WRONGPASS invalid username-password pair or user is disabled.[/www/wwwroot/yuliao.012539.cn/app/redis.php:11]
[2024-10-30T16:10:16+08:00][sql] CONNECT:[ UseTime:0.000456s ] mysql:host=43.241.16.146;port=3306;dbname=zhibo;charset=utf8mb4
[2024-10-30T16:10:16+08:00][sql] SHOW FULL COLUMNS FROM `cmf_hook` [ RunTime:0.000718s ]
[2024-10-30T16:10:16+08:00][sql] SELECT `hook`,`id` FROM `cmf_hook` WHERE  (  (  `app` = '' OR `app` = 'cmf' )  AND `type` = 3 ) OR `type` = 1 [ RunTime:0.000398s ]
[2024-10-30T16:10:16+08:00][sql] SHOW FULL COLUMNS FROM `cmf_hook_plugin` [ RunTime:0.000536s ]
[2024-10-30T16:10:16+08:00][sql] SELECT `hook`,`plugin` FROM `cmf_hook_plugin` WHERE  `status` = 1  AND `hook` IN ('app_begin','module_init','action_begin','view_filter','app_end','log_write','response_end','admin_init','home_init','send_mobile_verification_code','body_start','before_head_end','footer_start','before_footer','before_footer_end','before_body_end','left_sidebar_start','before_left_sidebar_end','right_sidebar_start','before_right_sidebar_end','comment','guestbook','switch_theme','after_content','before_content','log_write_done','switch_admin_theme','captcha_image') ORDER BY `list_order` ASC [ RunTime:0.000412s ]
[2024-10-30T16:10:16+08:00][error] [0]WRONGPASS invalid username-password pair or user is disabled.[/www/wwwroot/yuliao.012539.cn/app/redis.php:11]
[2024-10-30T17:19:30+08:00][sql] CONNECT:[ UseTime:0.000459s ] mysql:host=43.241.16.146;port=3306;dbname=zhibo;charset=utf8mb4
[2024-10-30T17:19:30+08:00][sql] SHOW FULL COLUMNS FROM `cmf_hook` [ RunTime:0.000786s ]
[2024-10-30T17:19:30+08:00][sql] SELECT `hook`,`id` FROM `cmf_hook` WHERE  (  (  `app` = '' OR `app` = 'cmf' )  AND `type` = 3 ) OR `type` = 1 [ RunTime:0.000404s ]
[2024-10-30T17:19:30+08:00][sql] SHOW FULL COLUMNS FROM `cmf_hook_plugin` [ RunTime:0.000543s ]
[2024-10-30T17:19:30+08:00][sql] SELECT `hook`,`plugin` FROM `cmf_hook_plugin` WHERE  `status` = 1  AND `hook` IN ('app_begin','module_init','action_begin','view_filter','app_end','log_write','response_end','admin_init','home_init','send_mobile_verification_code','body_start','before_head_end','footer_start','before_footer','before_footer_end','before_body_end','left_sidebar_start','before_left_sidebar_end','right_sidebar_start','before_right_sidebar_end','comment','guestbook','switch_theme','after_content','before_content','log_write_done','switch_admin_theme','captcha_image') ORDER BY `list_order` ASC [ RunTime:0.000421s ]
[2024-10-30T17:19:30+08:00][error] [0]WRONGPASS invalid username-password pair or user is disabled.[/www/wwwroot/yuliao.012539.cn/app/redis.php:11]
