[2024-10-31T02:06:42+08:00][sql] CONNECT:[ UseTime:0.001897s ] mysql:host=43.241.16.146;port=3306;dbname=zhibo;charset=utf8mb4
[2024-10-31T02:06:42+08:00][sql] SHOW FULL COLUMNS FROM `cmf_hook` [ RunTime:0.002669s ]
[2024-10-31T02:06:42+08:00][sql] SELECT `hook`,`id` FROM `cmf_hook` WHERE  (  (  `app` = '' OR `app` = 'cmf' )  AND `type` = 3 ) OR `type` = 1 [ RunTime:0.001125s ]
[2024-10-31T02:06:42+08:00][sql] SHOW FULL COLUMNS FROM `cmf_hook_plugin` [ RunTime:0.001209s ]
[2024-10-31T02:06:42+08:00][sql] SELECT `hook`,`plugin` FROM `cmf_hook_plugin` WHERE  `status` = 1  AND `hook` IN ('app_begin','module_init','action_begin','view_filter','app_end','log_write','response_end','admin_init','home_init','send_mobile_verification_code','body_start','before_head_end','footer_start','before_footer','before_footer_end','before_body_end','left_sidebar_start','before_left_sidebar_end','right_sidebar_start','before_right_sidebar_end','comment','guestbook','switch_theme','after_content','before_content','log_write_done','switch_admin_theme','captcha_image') ORDER BY `list_order` ASC [ RunTime:0.000943s ]
[2024-10-31T02:06:42+08:00][error] [0]WRONGPASS invalid username-password pair or user is disabled.[/www/wwwroot/yuliao.012539.cn/app/redis.php:11]
[2024-10-31T17:12:00+08:00][sql] CONNECT:[ UseTime:0.002135s ] mysql:host=43.241.16.146;port=3306;dbname=zhibo;charset=utf8mb4
[2024-10-31T17:12:00+08:00][sql] SHOW FULL COLUMNS FROM `cmf_hook` [ RunTime:0.002747s ]
[2024-10-31T17:12:00+08:00][sql] SELECT `hook`,`id` FROM `cmf_hook` WHERE  (  (  `app` = '' OR `app` = 'cmf' )  AND `type` = 3 ) OR `type` = 1 [ RunTime:0.000936s ]
[2024-10-31T17:12:00+08:00][sql] SHOW FULL COLUMNS FROM `cmf_hook_plugin` [ RunTime:0.001196s ]
[2024-10-31T17:12:00+08:00][sql] SELECT `hook`,`plugin` FROM `cmf_hook_plugin` WHERE  `status` = 1  AND `hook` IN ('app_begin','module_init','action_begin','view_filter','app_end','log_write','response_end','admin_init','home_init','send_mobile_verification_code','body_start','before_head_end','footer_start','before_footer','before_footer_end','before_body_end','left_sidebar_start','before_left_sidebar_end','right_sidebar_start','before_right_sidebar_end','comment','guestbook','switch_theme','after_content','before_content','log_write_done','switch_admin_theme','captcha_image') ORDER BY `list_order` ASC [ RunTime:0.000818s ]
[2024-10-31T17:12:00+08:00][error] [0]WRONGPASS invalid username-password pair or user is disabled.[/www/wwwroot/yuliao.012539.cn/app/redis.php:11]
[2024-10-31T17:12:01+08:00][sql] CONNECT:[ UseTime:0.002606s ] mysql:host=43.241.16.146;port=3306;dbname=zhibo;charset=utf8mb4
[2024-10-31T17:12:01+08:00][sql] SHOW FULL COLUMNS FROM `cmf_hook` [ RunTime:0.002513s ]
[2024-10-31T17:12:01+08:00][sql] SELECT `hook`,`id` FROM `cmf_hook` WHERE  (  (  `app` = '' OR `app` = 'cmf' )  AND `type` = 3 ) OR `type` = 1 [ RunTime:0.000973s ]
[2024-10-31T17:12:01+08:00][sql] SHOW FULL COLUMNS FROM `cmf_hook_plugin` [ RunTime:0.001281s ]
[2024-10-31T17:12:01+08:00][sql] SELECT `hook`,`plugin` FROM `cmf_hook_plugin` WHERE  `status` = 1  AND `hook` IN ('app_begin','module_init','action_begin','view_filter','app_end','log_write','response_end','admin_init','home_init','send_mobile_verification_code','body_start','before_head_end','footer_start','before_footer','before_footer_end','before_body_end','left_sidebar_start','before_left_sidebar_end','right_sidebar_start','before_right_sidebar_end','comment','guestbook','switch_theme','after_content','before_content','log_write_done','switch_admin_theme','captcha_image') ORDER BY `list_order` ASC [ RunTime:0.000899s ]
[2024-10-31T17:12:01+08:00][sql] CONNECT:[ UseTime:0.001986s ] mysql:host=43.241.16.146;port=3306;dbname=zhibo;charset=utf8mb4
[2024-10-31T17:12:01+08:00][sql] SHOW FULL COLUMNS FROM `cmf_hook` [ RunTime:0.002184s ]
[2024-10-31T17:12:01+08:00][sql] SELECT `hook`,`id` FROM `cmf_hook` WHERE  (  (  `app` = '' OR `app` = 'cmf' )  AND `type` = 3 ) OR `type` = 1 [ RunTime:0.001106s ]
[2024-10-31T17:12:01+08:00][sql] SHOW FULL COLUMNS FROM `cmf_hook_plugin` [ RunTime:0.001372s ]
[2024-10-31T17:12:01+08:00][sql] SELECT `hook`,`plugin` FROM `cmf_hook_plugin` WHERE  `status` = 1  AND `hook` IN ('app_begin','module_init','action_begin','view_filter','app_end','log_write','response_end','admin_init','home_init','send_mobile_verification_code','body_start','before_head_end','footer_start','before_footer','before_footer_end','before_body_end','left_sidebar_start','before_left_sidebar_end','right_sidebar_start','before_right_sidebar_end','comment','guestbook','switch_theme','after_content','before_content','log_write_done','switch_admin_theme','captcha_image') ORDER BY `list_order` ASC [ RunTime:0.001358s ]
[2024-10-31T18:52:57+08:00][sql] CONNECT:[ UseTime:0.002110s ] mysql:host=43.241.16.146;port=3306;dbname=zhibo;charset=utf8mb4
[2024-10-31T18:52:57+08:00][sql] SHOW FULL COLUMNS FROM `cmf_hook` [ RunTime:0.002607s ]
[2024-10-31T18:52:57+08:00][sql] SELECT `hook`,`id` FROM `cmf_hook` WHERE  (  (  `app` = '' OR `app` = 'cmf' )  AND `type` = 3 ) OR `type` = 1 [ RunTime:0.001144s ]
[2024-10-31T18:52:57+08:00][sql] SHOW FULL COLUMNS FROM `cmf_hook_plugin` [ RunTime:0.001239s ]
[2024-10-31T18:52:57+08:00][sql] SELECT `hook`,`plugin` FROM `cmf_hook_plugin` WHERE  `status` = 1  AND `hook` IN ('app_begin','module_init','action_begin','view_filter','app_end','log_write','response_end','admin_init','home_init','send_mobile_verification_code','body_start','before_head_end','footer_start','before_footer','before_footer_end','before_body_end','left_sidebar_start','before_left_sidebar_end','right_sidebar_start','before_right_sidebar_end','comment','guestbook','switch_theme','after_content','before_content','log_write_done','switch_admin_theme','captcha_image') ORDER BY `list_order` ASC [ RunTime:0.000907s ]
[2024-10-31T18:52:57+08:00][error] [0]WRONGPASS invalid username-password pair or user is disabled.[/www/wwwroot/yuliao.012539.cn/app/redis.php:11]
[2024-10-31T20:08:26+08:00][sql] CONNECT:[ UseTime:0.001835s ] mysql:host=43.241.16.146;port=3306;dbname=zhibo;charset=utf8mb4
[2024-10-31T20:08:26+08:00][sql] SHOW FULL COLUMNS FROM `cmf_hook` [ RunTime:0.002616s ]
[2024-10-31T20:08:26+08:00][sql] SELECT `hook`,`id` FROM `cmf_hook` WHERE  (  (  `app` = '' OR `app` = 'cmf' )  AND `type` = 3 ) OR `type` = 1 [ RunTime:0.001002s ]
[2024-10-31T20:08:26+08:00][sql] SHOW FULL COLUMNS FROM `cmf_hook_plugin` [ RunTime:0.001391s ]
[2024-10-31T20:08:26+08:00][sql] SELECT `hook`,`plugin` FROM `cmf_hook_plugin` WHERE  `status` = 1  AND `hook` IN ('app_begin','module_init','action_begin','view_filter','app_end','log_write','response_end','admin_init','home_init','send_mobile_verification_code','body_start','before_head_end','footer_start','before_footer','before_footer_end','before_body_end','left_sidebar_start','before_left_sidebar_end','right_sidebar_start','before_right_sidebar_end','comment','guestbook','switch_theme','after_content','before_content','log_write_done','switch_admin_theme','captcha_image') ORDER BY `list_order` ASC [ RunTime:0.001108s ]
[2024-10-31T20:08:26+08:00][error] [0]WRONGPASS invalid username-password pair or user is disabled.[/www/wwwroot/yuliao.012539.cn/app/redis.php:11]
